Component: ARM Compiler 5.06 update 7 (build 960) Tool: armlink [4d3601]

==============================================================================

Section Cross References

    main.o(i.PrintfHelp) refers to printf8.o(i.__0printf$8) for __2printf
    main.o(i.PrintfLogo) refers to printf8.o(i.__0printf$8) for __2printf
    main.o(i.PrintfLogo) refers to system_stm32h7xx.o(.data) for SystemCoreClock
    main.o(i.main) refers to bsp.o(i.bsp_Init) for bsp_Init
    main.o(i.main) refers to main.o(i.PrintfLogo) for PrintfLogo
    main.o(i.main) refers to main.o(i.PrintfHelp) for PrintfHelp
    main.o(i.main) refers to bsp_led.o(i.bsp_LedOn) for bsp_LedOn
    main.o(i.main) refers to bsp_timer.o(i.bsp_DelayMS) for bsp_DelayMS
    main.o(i.main) refers to bsp_led.o(i.bsp_LedOff) for bsp_LedOff
    main.o(i.main) refers to bsp_timer.o(i.bsp_StartAutoTimer) for bsp_StartAutoTimer
    main.o(i.main) refers to bsp.o(i.bsp_Idle) for bsp_Idle
    main.o(i.main) refers to bsp_timer.o(i.bsp_CheckTimer) for bsp_CheckTimer
    main.o(i.main) refers to bsp_led.o(i.bsp_LedToggle) for bsp_LedToggle
    bsp.o(i.CPU_CACHE_Enable) refers to bsp.o(i.SCB_EnableICache) for SCB_EnableICache
    bsp.o(i.CPU_CACHE_Enable) refers to bsp.o(i.SCB_EnableDCache) for SCB_EnableDCache
    bsp.o(i.MPU_Config) refers to stm32h7xx_hal_cortex.o(i.HAL_MPU_Disable) for HAL_MPU_Disable
    bsp.o(i.MPU_Config) refers to stm32h7xx_hal_cortex.o(i.HAL_MPU_ConfigRegion) for HAL_MPU_ConfigRegion
    bsp.o(i.MPU_Config) refers to stm32h7xx_hal_cortex.o(i.HAL_MPU_Enable) for HAL_MPU_Enable
    bsp.o(i.SystemClock_Config) refers to stm32h7xx_hal_rcc.o(i.HAL_RCC_OscConfig) for HAL_RCC_OscConfig
    bsp.o(i.SystemClock_Config) refers to bsp.o(i.Error_Handler) for Error_Handler
    bsp.o(i.SystemClock_Config) refers to stm32h7xx_hal_rcc.o(i.HAL_RCC_ClockConfig) for HAL_RCC_ClockConfig
    bsp.o(i.SystemClock_Config) refers to stm32h7xx_hal.o(i.HAL_EnableCompensationCell) for HAL_EnableCompensationCell
    bsp.o(i.bsp_Init) refers to bsp.o(i.MPU_Config) for MPU_Config
    bsp.o(i.bsp_Init) refers to bsp.o(i.CPU_CACHE_Enable) for CPU_CACHE_Enable
    bsp.o(i.bsp_Init) refers to stm32h7xx_hal.o(i.HAL_Init) for HAL_Init
    bsp.o(i.bsp_Init) refers to bsp.o(i.SystemClock_Config) for SystemClock_Config
    bsp.o(i.bsp_Init) refers to bsp_key.o(i.bsp_InitKey) for bsp_InitKey
    bsp.o(i.bsp_Init) refers to bsp_timer.o(i.bsp_InitTimer) for bsp_InitTimer
    bsp.o(i.bsp_Init) refers to bsp_uart_fifo.o(i.bsp_InitUart) for bsp_InitUart
    bsp.o(i.bsp_Init) refers to bsp_fmc_io.o(i.bsp_InitExtIO) for bsp_InitExtIO
    bsp.o(i.bsp_Init) refers to bsp_led.o(i.bsp_InitLed) for bsp_InitLed
    bsp.o(i.bsp_RunPer10ms) refers to bsp_key.o(i.bsp_KeyScan10ms) for bsp_KeyScan10ms
    bsp_led.o(i.bsp_InitLed) refers to bsp_led.o(i.bsp_LedOff) for bsp_LedOff
    bsp_led.o(i.bsp_IsLedOn) refers to bsp_fmc_io.o(i.HC574_GetPin) for HC574_GetPin
    bsp_led.o(i.bsp_LedOff) refers to bsp_fmc_io.o(i.HC574_SetPin) for HC574_SetPin
    bsp_led.o(i.bsp_LedOn) refers to bsp_fmc_io.o(i.HC574_SetPin) for HC574_SetPin
    bsp_led.o(i.bsp_LedToggle) refers to bsp_fmc_io.o(i.HC574_GetPin) for HC574_GetPin
    bsp_led.o(i.bsp_LedToggle) refers to bsp_fmc_io.o(i.HC574_SetPin) for HC574_SetPin
    bsp_key.o(i.IsKeyDownFunc) refers to bsp_key.o(i.KeyPinActive) for KeyPinActive
    bsp_key.o(i.KeyPinActive) refers to bsp_key.o(.constdata) for s_gpio_list
    bsp_key.o(i.bsp_ClearKey) refers to bsp_key.o(.bss) for s_tKey
    bsp_key.o(i.bsp_DetectFastIO) refers to bsp_key.o(i.IsKeyDownFunc) for IsKeyDownFunc
    bsp_key.o(i.bsp_DetectFastIO) refers to bsp_key.o(i.bsp_PutKey) for bsp_PutKey
    bsp_key.o(i.bsp_DetectFastIO) refers to bsp_key.o(.bss) for s_tBtn
    bsp_key.o(i.bsp_DetectKey) refers to bsp_key.o(i.IsKeyDownFunc) for IsKeyDownFunc
    bsp_key.o(i.bsp_DetectKey) refers to bsp_key.o(i.bsp_PutKey) for bsp_PutKey
    bsp_key.o(i.bsp_DetectKey) refers to bsp_key.o(.bss) for s_tBtn
    bsp_key.o(i.bsp_GetKey) refers to bsp_key.o(.bss) for s_tKey
    bsp_key.o(i.bsp_GetKey2) refers to bsp_key.o(.bss) for s_tKey
    bsp_key.o(i.bsp_GetKeyState) refers to bsp_key.o(.bss) for s_tBtn
    bsp_key.o(i.bsp_InitKey) refers to bsp_key.o(i.bsp_InitKeyVar) for bsp_InitKeyVar
    bsp_key.o(i.bsp_InitKey) refers to bsp_key.o(i.bsp_InitKeyHard) for bsp_InitKeyHard
    bsp_key.o(i.bsp_InitKeyHard) refers to stm32h7xx_hal_gpio.o(i.HAL_GPIO_Init) for HAL_GPIO_Init
    bsp_key.o(i.bsp_InitKeyHard) refers to bsp_key.o(.constdata) for s_gpio_list
    bsp_key.o(i.bsp_InitKeyVar) refers to bsp_key.o(i.bsp_SetKeyParam) for bsp_SetKeyParam
    bsp_key.o(i.bsp_InitKeyVar) refers to bsp_key.o(.bss) for s_tKey
    bsp_key.o(i.bsp_KeyScan10ms) refers to bsp_key.o(i.bsp_DetectKey) for bsp_DetectKey
    bsp_key.o(i.bsp_KeyScan1ms) refers to bsp_key.o(i.bsp_DetectFastIO) for bsp_DetectFastIO
    bsp_key.o(i.bsp_PutKey) refers to bsp_key.o(.bss) for s_tKey
[...]
    Removing stm32h7xx_hal_tim.o(i.HAL_TIM_OnePulse_Stop_IT), (200 bytes).
    Removing stm32h7xx_hal_tim.o(i.HAL_TIM_PWM_ConfigChannel), (372 bytes).
    Removing stm32h7xx_hal_tim.o(i.HAL_TIM_PWM_DeInit), (70 bytes).
    Removing stm32h7xx_hal_tim.o(i.HAL_TIM_PWM_GetState), (8 bytes).
    Removing stm32h7xx_hal_tim.o(i.HAL_TIM_PWM_Init), (52 bytes).
    Removing stm32h7xx_hal_tim.o(i.HAL_TIM_PWM_MspDeInit), (2 bytes).
    Removing stm32h7xx_hal_tim.o(i.HAL_TIM_PWM_MspInit), (2 bytes).
    Removing stm32h7xx_hal_tim.o(i.HAL_TIM_PWM_PulseFinishedCallback), (2 bytes).
    Removing stm32h7xx_hal_tim.o(i.HAL_TIM_PWM_Start), (112 bytes).
    Removing stm32h7xx_hal_tim.o(i.HAL_TIM_PWM_Start_DMA), (348 bytes).
    Removing stm32h7xx_hal_tim.o(i.HAL_TIM_PWM_Start_IT), (188 bytes).
    Removing stm32h7xx_hal_tim.o(i.HAL_TIM_PWM_Stop), (172 bytes).
    Removing stm32h7xx_hal_tim.o(i.HAL_TIM_PWM_Stop_DMA), (248 bytes).
    Removing stm32h7xx_hal_tim.o(i.HAL_TIM_PWM_Stop_IT), (240 bytes).
    Removing stm32h7xx_hal_tim.o(i.HAL_TIM_PeriodElapsedCallback), (2 bytes).
    Removing stm32h7xx_hal_tim.o(i.HAL_TIM_ReadCapturedValue), (84 bytes).
    Removing stm32h7xx_hal_tim.o(i.HAL_TIM_SlaveConfigSynchronization), (86 bytes).
    Removing stm32h7xx_hal_tim.o(i.HAL_TIM_SlaveConfigSynchronization_IT), (86 bytes).
    Removing stm32h7xx_hal_tim.o(i.HAL_TIM_TriggerCallback), (2 bytes).
    Removing stm32h7xx_hal_tim.o(i.TIM_CCxChannelCmd), (28 bytes).
    Removing stm32h7xx_hal_tim.o(i.TIM_DMACaptureCplt), (70 bytes).
    Removing stm32h7xx_hal_tim.o(i.TIM_DMADelayPulseCplt), (70 bytes).
    Removing stm32h7xx_hal_tim.o(i.TIM_DMAError), (20 bytes).
    Removing stm32h7xx_hal_tim.o(i.TIM_DMAPeriodElapsedCplt), (20 bytes).
    Removing stm32h7xx_hal_tim.o(i.TIM_DMATriggerCplt), (20 bytes).
    Removing stm32h7xx_hal_tim.o(i.TIM_ETR_SetConfig), (24 bytes).
    Removing stm32h7xx_hal_tim.o(i.TIM_ITRx_SetConfig), (24 bytes).
    Removing stm32h7xx_hal_tim.o(i.TIM_OC1_SetConfig), (176 bytes).
    Removing stm32h7xx_hal_tim.o(i.TIM_OC2_SetConfig), (188 bytes).
    Removing stm32h7xx_hal_tim.o(i.TIM_OC3_SetConfig), (180 bytes).
    Removing stm32h7xx_hal_tim.o(i.TIM_OC4_SetConfig), (120 bytes).
    Removing stm32h7xx_hal_tim.o(i.TIM_OC5_SetConfig), (112 bytes).
    Removing stm32h7xx_hal_tim.o(i.TIM_OC6_SetConfig), (116 bytes).
    Removing stm32h7xx_hal_tim.o(i.TIM_SlaveTimer_SetConfig), (172 bytes).
    Removing stm32h7xx_hal_tim.o(i.TIM_TI1_ConfigInputStage), (42 bytes).
    Removing stm32h7xx_hal_tim.o(i.TIM_TI1_SetConfig), (148 bytes).
    Removing stm32h7xx_hal_tim.o(i.TIM_TI2_ConfigInputStage), (44 bytes).
    Removing stm32h7xx_hal_tim.o(i.TIM_TI2_SetConfig), (62 bytes).
    Removing stm32h7xx_hal_tim.o(i.TIM_TI3_SetConfig), (60 bytes).
    Removing stm32h7xx_hal_tim.o(i.TIM_TI4_SetConfig), (64 bytes).
    Removing stm32h7xx_hal_tim.o(.constdata), (48 bytes).
    Removing stm32h7xx_hal_tim_ex.o(.rev16_text), (4 bytes).
    Removing stm32h7xx_hal_tim_ex.o(.revsh_text), (4 bytes).
    Removing stm32h7xx_hal_tim_ex.o(.rrx_text), (6 bytes).
    Removing stm32h7xx_hal_tim_ex.o(i.HAL_TIMEx_BreakCallback), (2 bytes).
    Removing stm32h7xx_hal_tim_ex.o(i.HAL_TIMEx_CommutationCallback), (2 bytes).
    Removing stm32h7xx_hal_tim_ex.o(i.HAL_TIMEx_ConfigBreakDeadTime), (180 bytes).
    Removing stm32h7xx_hal_tim_ex.o(i.HAL_TIMEx_ConfigBreakInput), (218 bytes).
    Removing stm32h7xx_hal_tim_ex.o(i.HAL_TIMEx_ConfigCommutationEvent), (116 bytes).
    Removing stm32h7xx_hal_tim_ex.o(i.HAL_TIMEx_ConfigCommutationEvent_DMA), (148 bytes).
    Removing stm32h7xx_hal_tim_ex.o(i.HAL_TIMEx_ConfigCommutationEvent_IT), (128 bytes).
    Removing stm32h7xx_hal_tim_ex.o(i.HAL_TIMEx_GroupChannel5), (72 bytes).
    Removing stm32h7xx_hal_tim_ex.o(i.HAL_TIMEx_HallSensor_DeInit), (70 bytes).
    Removing stm32h7xx_hal_tim_ex.o(i.HAL_TIMEx_HallSensor_GetState), (8 bytes).
    Removing stm32h7xx_hal_tim_ex.o(i.HAL_TIMEx_HallSensor_Init), (216 bytes).
    Removing stm32h7xx_hal_tim_ex.o(i.HAL_TIMEx_HallSensor_MspDeInit), (2 bytes).
    Removing stm32h7xx_hal_tim_ex.o(i.HAL_TIMEx_HallSensor_MspInit), (2 bytes).
    Removing stm32h7xx_hal_tim_ex.o(i.HAL_TIMEx_HallSensor_Start), (30 bytes).
    Removing stm32h7xx_hal_tim_ex.o(i.HAL_TIMEx_HallSensor_Start_DMA), (116 bytes).
    Removing stm32h7xx_hal_tim_ex.o(i.HAL_TIMEx_HallSensor_Start_IT), (42 bytes).
    Removing stm32h7xx_hal_tim_ex.o(i.HAL_TIMEx_HallSensor_Stop), (56 bytes).
    Removing stm32h7xx_hal_tim_ex.o(i.HAL_TIMEx_HallSensor_Stop_DMA), (68 bytes).
    Removing stm32h7xx_hal_tim_ex.o(i.HAL_TIMEx_HallSensor_Stop_IT), (68 bytes).
    Removing stm32h7xx_hal_tim_ex.o(i.HAL_TIMEx_MasterConfigSynchronization), (108 bytes).
    Removing stm32h7xx_hal_tim_ex.o(i.HAL_TIMEx_OCN_Start), (44 bytes).
    Removing stm32h7xx_hal_tim_ex.o(i.HAL_TIMEx_OCN_Start_DMA), (236 bytes).
    Removing stm32h7xx_hal_tim_ex.o(i.HAL_TIMEx_OCN_Start_IT), (114 bytes).
    Removing stm32h7xx_hal_tim_ex.o(i.HAL_TIMEx_OCN_Stop), (96 bytes).
    Removing stm32h7xx_hal_tim_ex.o(i.HAL_TIMEx_OCN_Stop_DMA), (160 bytes).
    Removing stm32h7xx_hal_tim_ex.o(i.HAL_TIMEx_OCN_Stop_IT), (180 bytes).
    Removing stm32h7xx_hal_tim_ex.o(i.HAL_TIMEx_OnePulseN_Start), (32 bytes).
    Removing stm32h7xx_hal_tim_ex.o(i.HAL_TIMEx_OnePulseN_Start_IT), (56 bytes).
    Removing stm32h7xx_hal_tim_ex.o(i.HAL_TIMEx_OnePulseN_Stop), (96 bytes).
    Removing stm32h7xx_hal_tim_ex.o(i.HAL_TIMEx_OnePulseN_Stop_IT), (120 bytes).
    Removing stm32h7xx_hal_tim_ex.o(i.HAL_TIMEx_PWMN_Start), (44 bytes).
    Removing stm32h7xx_hal_tim_ex.o(i.HAL_TIMEx_PWMN_Start_DMA), (236 bytes).
    Removing stm32h7xx_hal_tim_ex.o(i.HAL_TIMEx_PWMN_Start_IT), (114 bytes).
    Removing stm32h7xx_hal_tim_ex.o(i.HAL_TIMEx_PWMN_Stop), (96 bytes).
    Removing stm32h7xx_hal_tim_ex.o(i.HAL_TIMEx_PWMN_Stop_DMA), (160 bytes).
    Removing stm32h7xx_hal_tim_ex.o(i.HAL_TIMEx_PWMN_Stop_IT), (180 bytes).
    Removing stm32h7xx_hal_tim_ex.o(i.HAL_TIMEx_RemapConfig), (66 bytes).
    Removing stm32h7xx_hal_tim_ex.o(i.HAL_TIMEx_TISelection), (68 bytes).
    Removing stm32h7xx_hal_tim_ex.o(i.TIMEx_DMACommutationCplt), (20 bytes).
    Removing stm32h7xx_hal_tim_ex.o(i.TIM_CCxNChannelCmd), (28 bytes).
    Removing stm32h7xx_hal_tim_ex.o(.constdata), (48 bytes).
    Removing system_stm32h7xx.o(.rev16_text), (4 bytes).
    Removing system_stm32h7xx.o(.revsh_text), (4 bytes).
    Removing system_stm32h7xx.o(.rrx_text), (6 bytes).
    Removing system_stm32h7xx.o(i.SystemCoreClockUpdate), (532 bytes).
    Removing segger_hardfaulthandler.o(.rev16_text), (4 bytes).
    Removing segger_hardfaulthandler.o(.revsh_text), (4 bytes).
    Removing segger_hardfaulthandler.o(.rrx_text), (6 bytes).
    Removing segger_hardfaulthandler.o(.constdata), (48 bytes).
    Removing dadd.o(.text), (334 bytes).
    Removing dmul.o(.text), (228 bytes).
    Removing ddiv.o(.text), (222 bytes).
    Removing dfixul.o(.text), (48 bytes).
    Removing cdrcmple.o(.text), (48 bytes).
    Removing depilogue.o(.text), (186 bytes).

502 unused section(s) (total 44162 bytes) removed from the image.

==============================================================================

Image Symbol Table

    Local Symbols

    Symbol Name                              Value     Ov Type        Size  Object(Section)

    ../clib/microlib/division.c              0x00000000   Number         0  uidiv.o ABSOLUTE
    ../clib/microlib/division.c              0x00000000   Number         0  uldiv.o ABSOLUTE
    ../clib/microlib/init/entry.s            0x00000000   Number         0  entry12b.o ABSOLUTE
    ../clib/microlib/init/entry.s            0x00000000   Number         0  entry2.o ABSOLUTE
    ../clib/microlib/init/entry.s            0x00000000   Number         0  entry5.o ABSOLUTE
    ../clib/microlib/init/entry.s            0x00000000   Number         0  entry.o ABSOLUTE
    ../clib/microlib/init/entry.s            0x00000000   Number         0  entry10b.o ABSOLUTE
    ../clib/microlib/init/entry.s            0x00000000   Number         0  entry11a.o ABSOLUTE
    ../clib/microlib/init/entry.s            0x00000000   Number         0  entry11b.o ABSOLUTE
    ../clib/microlib/init/entry.s            0x00000000   Number         0  entry9a.o ABSOLUTE
    ../clib/microlib/init/entry.s            0x00000000   Number         0  entry7b.o ABSOLUTE
    ../clib/microlib/init/entry.s            0x00000000   Number         0  entry12a.o ABSOLUTE
    ../clib/microlib/init/entry.s            0x00000000   Number         0  entry7a.o ABSOLUTE
    ../clib/microlib/init/entry.s            0x00000000   Number         0  entry8a.o ABSOLUTE
    ../clib/microlib/init/entry.s            0x00000000   Number         0  entry8b.o ABSOLUTE
    ../clib/microlib/init/entry.s            0x00000000   Number         0  entry9b.o ABSOLUTE
    ../clib/microlib/init/entry.s            0x00000000   Number         0  entry10a.o ABSOLUTE
    ../clib/microlib/longlong.c              0x00000000   Number         0  llshl.o ABSOLUTE
    ../clib/microlib/longlong.c              0x00000000   Number         0  llushr.o ABSOLUTE
    ../clib/microlib/longlong.c              0x00000000   Number         0  llsshr.o ABSOLUTE
    ../clib/microlib/printf/printf.c         0x00000000   Number         0  printf7.o ABSOLUTE
    ../clib/microlib/printf/printf.c         0x00000000   Number         0  printf8.o ABSOLUTE
    ../clib/microlib/printf/printf.c         0x00000000   Number         0  printf1.o ABSOLUTE
    ../clib/microlib/printf/printf.c         0x00000000   Number         0  printf0.o ABSOLUTE
    ../clib/microlib/printf/printf.c         0x00000000   Number         0  printfa.o ABSOLUTE
    ../clib/microlib/printf/printf.c         0x00000000   Number         0  printf2.o ABSOLUTE
    ../clib/microlib/printf/printf.c         0x00000000   Number         0  printfb.o ABSOLUTE
    ../clib/microlib/printf/printf.c         0x00000000   Number         0  printf3.o ABSOLUTE
    ../clib/microlib/printf/printf.c         0x00000000   Number         0  printf4.o ABSOLUTE
    ../clib/microlib/printf/printf.c         0x00000000   Number         0  printf5.o ABSOLUTE
    ../clib/microlib/printf/printf.c         0x00000000   Number         0  printf6.o ABSOLUTE
    ../clib/microlib/printf/stubs.s          0x00000000   Number         0  stubs.o ABSOLUTE
    ../clib/microlib/stdio/streams.c         0x00000000   Number         0  stdout.o ABSOLUTE
    ../clib/microlib/string/memset.c         0x00000000   Number         0  memseta.o ABSOLUTE
    ../clib/microlib/string/strlen.c         0x00000000   Number         0  strlen.o ABSOLUTE
    ../clib/microlib/stubs.s                 0x00000000   Number         0  iusefp.o ABSOLUTE
    ../fplib/microlib/fpadd.c                0x00000000   Number         0  dadd.o ABSOLUTE
    ../fplib/microlib/fpdiv.c                0x00000000   Number         0  ddiv.o ABSOLUTE
    ../fplib/microlib/fpepilogue.c           0x00000000   Number         0  depilogue.o ABSOLUTE
    ../fplib/microlib/fpfix.c                0x00000000   Number         0  dfixul.o ABSOLUTE
    ../fplib/microlib/fpmul.c                0x00000000   Number         0  dmul.o ABSOLUTE
    ..\..\Libraries\CMSIS\Device\ST\STM32H7xx\Source\Templates\arm\startup_stm32h743xx.s 0x00000000   Number         0  startup_stm32h743xx.o ABSOLUTE
    ..\..\Libraries\CMSIS\Device\ST\STM32H7xx\Source\Templates\system_stm32h7xx.c 0x00000000   Number         0  system_stm32h7xx.o ABSOLUTE
    ..\..\Libraries\STM32H7xx_HAL_Driver\Src\stm32h7xx_hal.c 0x00000000   Number         0  stm32h7xx_hal.o ABSOLUTE
    ..\..\Libraries\STM32H7xx_HAL_Driver\Src\stm32h7xx_hal_cortex.c 0x00000000   Number         0  stm32h7xx_hal_cortex.o ABSOLUTE
    ..\..\Libraries\STM32H7xx_HAL_Driver\Src\stm32h7xx_hal_dma.c 0x00000000   Number         0  stm32h7xx_hal_dma.o ABSOLUTE
    ..\..\Libraries\STM32H7xx_HAL_Driver\Src\stm32h7xx_hal_dma_ex.c 0x00000000   Number         0  stm32h7xx_hal_dma_ex.o ABSOLUTE
    ..\..\Libraries\STM32H7xx_HAL_Driver\Src\stm32h7xx_hal_gpio.c 0x00000000   Number         0  stm32h7xx_hal_gpio.o ABSOLUTE
    ..\..\Libraries\STM32H7xx_HAL_Driver\Src\stm32h7xx_hal_mdma.c 0x00000000   Number         0  stm32h7xx_hal_mdma.o ABSOLUTE
    ..\..\Libraries\STM32H7xx_HAL_Driver\Src\stm32h7xx_hal_rcc.c 0x00000000   Number         0  stm32h7xx_hal_rcc.o ABSOLUTE
    ..\..\Libraries\STM32H7xx_HAL_Driver\Src\stm32h7xx_hal_rcc_ex.c 0x00000000   Number         0  stm32h7xx_hal_rcc_ex.o ABSOLUTE
    ..\..\Libraries\STM32H7xx_HAL_Driver\Src\stm32h7xx_hal_sram.c 0x00000000   Number         0  stm32h7xx_hal_sram.o ABSOLUTE
    ..\..\Libraries\STM32H7xx_HAL_Driver\Src\stm32h7xx_hal_tim.c 0x00000000   Number         0  stm32h7xx_hal_tim.o ABSOLUTE
    ..\..\Libraries\STM32H7xx_HAL_Driver\Src\stm32h7xx_hal_tim_ex.c 0x00000000   Number         0  stm32h7xx_hal_tim_ex.o ABSOLUTE
    ..\..\Libraries\STM32H7xx_HAL_Driver\Src\stm32h7xx_hal_uart.c 0x00000000   Number         0  stm32h7xx_hal_uart.o ABSOLUTE
    ..\..\Libraries\STM32H7xx_HAL_Driver\Src\stm32h7xx_hal_uart_ex.c 0x00000000   Number         0  stm32h7xx_hal_uart_ex.o ABSOLUTE
    ..\..\Libraries\STM32H7xx_HAL_Driver\Src\stm32h7xx_ll_fmc.c 0x00000000   Number         0  stm32h7xx_ll_fmc.o ABSOLUTE
    ..\..\User\bsp\bsp.c                     0x00000000   Number         0  bsp.o ABSOLUTE
    ..\..\User\bsp\src\bsp_fmc_io.c          0x00000000   Number         0  bsp_fmc_io.o ABSOLUTE
    ..\..\User\bsp\src\bsp_key.c             0x00000000   Number         0  bsp_key.o ABSOLUTE
    ..\..\User\bsp\src\bsp_led.c             0x00000000   Number         0  bsp_led.o ABSOLUTE
    ..\..\User\bsp\src\bsp_timer.c           0x00000000   Number         0  bsp_timer.o ABSOLUTE
    ..\..\User\bsp\src\bsp_uart_fifo.c       0x00000000   Number         0  bsp_uart_fifo.o ABSOLUTE
    ..\..\User\bsp\stm32h7xx_it.c            0x00000000   Number         0  stm32h7xx_it.o ABSOLUTE
    ..\..\User\main.c                        0x00000000   Number         0  main.o ABSOLUTE
    ..\..\User\segger\HardFaultHandlerMDK\HardFaultHandler.S 0x00000000   Number         0  hardfaulthandler.o ABSOLUTE
    ..\..\User\segger\HardFaultHandlerMDK\SEGGER_HardFaultHandler.c 0x00000000   Number         0  segger_hardfaulthandler.o ABSOLUTE
    ..\\..\\Libraries\\CMSIS\\Device\\ST\\STM32H7xx\\Source\\Templates\\system_stm32h7xx.c 0x00000000   Number         0  system_stm32h7xx.o ABSOLUTE
    ..\\..\\Libraries\\STM32H7xx_HAL_Driver\\Src\\stm32h7xx_hal.c 0x00000000   Number         0  stm32h7xx_hal.o ABSOLUTE
    ..\\..\\Libraries\\STM32H7xx_HAL_Driver\\Src\\stm32h7xx_hal_cortex.c 0x00000000   Number         0  stm32h7xx_hal_cortex.o ABSOLUTE
    ..\\..\\Libraries\\STM32H7xx_HAL_Driver\\Src\\stm32h7xx_hal_dma.c 0x00000000   Number         0  stm32h7xx_hal_dma.o ABSOLUTE
    ..\\..\\Libraries\\STM32H7xx_HAL_Driver\\Src\\stm32h7xx_hal_dma_ex.c 0x00000000   Number         0  stm32h7xx_hal_dma_ex.o ABSOLUTE
    ..\\..\\Libraries\\STM32H7xx_HAL_Driver\\Src\\stm32h7xx_hal_gpio.c 0x00000000   Number         0  stm32h7xx_hal_gpio.o ABSOLUTE
    ..\\..\\Libraries\\STM32H7xx_HAL_Driver\\Src\\stm32h7xx_hal_mdma.c 0x00000000   Number         0  stm32h7xx_hal_mdma.o ABSOLUTE
    ..\\..\\Libraries\\STM32H7xx_HAL_Driver\\Src\\stm32h7xx_hal_rcc.c 0x00000000   Number         0  stm32h7xx_hal_rcc.o ABSOLUTE
    ..\\..\\Libraries\\STM32H7xx_HAL_Driver\\Src\\stm32h7xx_hal_rcc_ex.c 0x00000000   Number         0  stm32h7xx_hal_rcc_ex.o ABSOLUTE
    ..\\..\\Libraries\\STM32H7xx_HAL_Driver\\Src\\stm32h7xx_hal_sram.c 0x00000000   Number         0  stm32h7xx_hal_sram.o ABSOLUTE
    ..\\..\\Libraries\\STM32H7xx_HAL_Driver\\Src\\stm32h7xx_hal_tim.c 0x00000000   Number         0  stm32h7xx_hal_tim.o ABSOLUTE
    ..\\..\\Libraries\\STM32H7xx_HAL_Driver\\Src\\stm32h7xx_hal_tim_ex.c 0x00000000   Number         0  stm32h7xx_hal_tim_ex.o ABSOLUTE
    ..\\..\\Libraries\\STM32H7xx_HAL_Driver\\Src\\stm32h7xx_hal_uart.c 0x00000000   Number         0  stm32h7xx_hal_uart.o ABSOLUTE
    ..\\..\\Libraries\\STM32H7xx_HAL_Driver\\Src\\stm32h7xx_hal_uart_ex.c 0x00000000   Number         0  stm32h7xx_hal_uart_ex.o ABSOLUTE
    ..\\..\\Libraries\\STM32H7xx_HAL_Driver\\Src\\stm32h7xx_ll_fmc.c 0x00000000   Number         0  stm32h7xx_ll_fmc.o ABSOLUTE
    ..\\..\\User\\bsp\\bsp.c                 0x00000000   Number         0  bsp.o ABSOLUTE
    ..\\..\\User\\bsp\\src\\bsp_fmc_io.c     0x00000000   Number         0  bsp_fmc_io.o ABSOLUTE
    ..\\..\\User\\bsp\\src\\bsp_key.c        0x00000000   Number         0  bsp_key.o ABSOLUTE
    ..\\..\\User\\bsp\\src\\bsp_led.c        0x00000000   Number         0  bsp_led.o ABSOLUTE
    ..\\..\\User\\bsp\\src\\bsp_timer.c      0x00000000   Number         0  bsp_timer.o ABSOLUTE
    ..\\..\\User\\bsp\\src\\bsp_uart_fifo.c  0x00000000   Number         0  bsp_uart_fifo.o ABSOLUTE
    ..\\..\\User\\bsp\\stm32h7xx_it.c        0x00000000   Number         0  stm32h7xx_it.o ABSOLUTE
    ..\\..\\User\\main.c                     0x00000000   Number         0  main.o ABSOLUTE
    ..\\..\\User\\segger\\HardFaultHandlerMDK\\SEGGER_HardFaultHandler.c 0x00000000   Number         0  segger_hardfaulthandler.o ABSOLUTE
    cdrcmple.s                               0x00000000   Number         0  cdrcmple.o ABSOLUTE
    dc.s                                     0x00000000   Number         0  dc.o ABSOLUTE
    handlers.s                               0x00000000   Number         0  handlers.o ABSOLUTE
    init.s                                   0x00000000   Number         0  init.o ABSOLUTE
    RESET                                    0x08000000   Section      664  startup_stm32h743xx.o(RESET)
    .ARM.Collect$$$$00000000                 0x08000298   Section        0  entry.o(.ARM.Collect$$$$00000000)
    .ARM.Collect$$$$00000001                 0x08000298   Section        4  entry2.o(.ARM.Collect$$$$00000001)
    .ARM.Collect$$$$00000004                 0x0800029c   Section        4  entry5.o(.ARM.Collect$$$$00000004)
    .ARM.Collect$$$$00000008                 0x080002a0   Section        0  entry7b.o(.ARM.Collect$$$$00000008)
    .ARM.Collect$$$$0000000A                 0x080002a0   Section        0  entry8b.o(.ARM.Collect$$$$0000000A)
    .ARM.Collect$$$$0000000B                 0x080002a0   Section        8  entry9a.o(.ARM.Collect$$$$0000000B)
    .ARM.Collect$$$$0000000E                 0x080002a8   Section        4  entry12b.o(.ARM.Collect$$$$0000000E)
    .ARM.Collect$$$$0000000F                 0x080002ac   Section        0  entry10a.o(.ARM.Collect$$$$0000000F)
    .ARM.Collect$$$$00000011                 0x080002ac   Section        0  entry11a.o(.ARM.Collect$$$$00000011)
    .ARM.Collect$$$$00002712                 0x080002ac   Section        4  entry2.o(.ARM.Collect$$$$00002712)
    __lit__00000000                          0x080002ac   Data           4  entry2.o(.ARM.Collect$$$$00002712)
    .text                                    0x080002b0   Section       36  startup_stm32h743xx.o(.text)
    $v0                                      0x080002b0   Number         0  startup_stm32h743xx.o(.text)
    .text                                    0x080002d4   Section        0  uldiv.o(.text)
    .text                                    0x08000336   Section        0  memseta.o(.text)
    .text                                    0x0800035a   Section        0  llshl.o(.text)
    .text                                    0x08000378   Section        0  llushr.o(.text)
    .text                                    0x08000398   Section       36  init.o(.text)
    OSKERNEL                                 0x080003bc   Section       18  hardfaulthandler.o(OSKERNEL)
    $v0                                      0x080003bc   Number         0  hardfaulthandler.o(OSKERNEL)
    i.BusFault_Handler                       0x080003ce   Section        0  stm32h7xx_it.o(i.BusFault_Handler)
    i.CPU_CACHE_Enable                       0x080003d2   Section        0  bsp.o(i.CPU_CACHE_Enable)
    CPU_CACHE_Enable                         0x080003d3   Thumb Code    12  bsp.o(i.CPU_CACHE_Enable)
    i.DebugMon_Handler                       0x080003de   Section        0  stm32h7xx_it.o(i.DebugMon_Handler)
    i.Error_Handler                          0x080003e0   Section        0  bsp.o(i.Error_Handler)
    i.FMC_NORSRAM_Extended_Timing_Init       0x080003e8   Section        0  stm32h7xx_ll_fmc.o(i.FMC_NORSRAM_Extended_Timing_Init)
    i.FMC_NORSRAM_Init                       0x08000430   Section        0  stm32h7xx_ll_fmc.o(i.FMC_NORSRAM_Init)
    i.FMC_NORSRAM_Timing_Init                0x080004b0   Section        0  stm32h7xx_ll_fmc.o(i.FMC_NORSRAM_Timing_Init)
    i.HAL_EnableCompensationCell             0x08000510   Section        0  stm32h7xx_hal.o(i.HAL_EnableCompensationCell)
    i.HAL_GPIO_Init                          0x08000524   Section        0  stm32h7xx_hal_gpio.o(i.HAL_GPIO_Init)
    i.HAL_GetTick                            0x08000770   Section        0  stm32h7xx_hal.o(i.HAL_GetTick)
    i.HAL_IncTick                            0x0800077c   Section        0  stm32h7xx_hal.o(i.HAL_IncTick)
    i.HAL_Init                               0x08000794   Section        0  stm32h7xx_hal.o(i.HAL_Init)
    i.HAL_InitTick                           0x080007b0   Section        0  stm32h7xx_hal.o(i.HAL_InitTick)
    i.HAL_MPU_ConfigRegion                   0x080007fc   Section        0  stm32h7xx_hal_cortex.o(i.HAL_MPU_ConfigRegion)
    i.HAL_MPU_Disable                        0x08000858   Section        0  stm32h7xx_hal_cortex.o(i.HAL_MPU_Disable)
    i.HAL_MPU_Enable                         0x08000884   Section        0  stm32h7xx_hal_cortex.o(i.HAL_MPU_Enable)
    i.HAL_MspInit                            0x080008c4   Section        0  stm32h7xx_hal.o(i.HAL_MspInit)
    i.HAL_NVIC_EnableIRQ                     0x080008c6   Section        0  stm32h7xx_hal_cortex.o(i.HAL_NVIC_EnableIRQ)
    i.HAL_NVIC_SetPriority                   0x080008e6   Section        0  stm32h7xx_hal_cortex.o(i.HAL_NVIC_SetPriority)
    i.HAL_NVIC_SetPriorityGrouping           0x08000960   Section        0  stm32h7xx_hal_cortex.o(i.HAL_NVIC_SetPriorityGrouping)
    i.HAL_RCCEx_GetD1SysClockFreq            0x08000988   Section        0  stm32h7xx_hal_rcc_ex.o(i.HAL_RCCEx_GetD1SysClockFreq)
    i.HAL_RCCEx_GetD3PCLK1Freq               0x080009c0   Section        0  stm32h7xx_hal_rcc_ex.o(i.HAL_RCCEx_GetD3PCLK1Freq)
    i.HAL_RCCEx_GetPLL2ClockFreq             0x080009ec   Section        0  stm32h7xx_hal_rcc_ex.o(i.HAL_RCCEx_GetPLL2ClockFreq)
    i.HAL_RCCEx_GetPLL3ClockFreq             0x08000c18   Section        0  stm32h7xx_hal_rcc_ex.o(i.HAL_RCCEx_GetPLL3ClockFreq)
    i.HAL_RCCEx_PeriphCLKConfig              0x08000e44   Section        0  stm32h7xx_hal_rcc_ex.o(i.HAL_RCCEx_PeriphCLKConfig)
    i.HAL_RCC_ClockConfig                    0x0800197c   Section        0  stm32h7xx_hal_rcc.o(i.HAL_RCC_ClockConfig)
    i.HAL_RCC_GetHCLKFreq                    0x08001bcc   Section        0  stm32h7xx_hal_rcc.o(i.HAL_RCC_GetHCLKFreq)
    i.HAL_RCC_GetPCLK1Freq                   0x08001c04   Section        0  stm32h7xx_hal_rcc.o(i.HAL_RCC_GetPCLK1Freq)
    i.HAL_RCC_GetPCLK2Freq                   0x08001c30   Section        0  stm32h7xx_hal_rcc.o(i.HAL_RCC_GetPCLK2Freq)
    i.HAL_RCC_GetSysClockFreq                0x08001c5c   Section        0  stm32h7xx_hal_rcc.o(i.HAL_RCC_GetSysClockFreq)
    i.HAL_RCC_OscConfig                      0x08001ea0   Section        0  stm32h7xx_hal_rcc.o(i.HAL_RCC_OscConfig)
    i.HAL_SRAM_Init                          0x08002564   Section        0  stm32h7xx_hal_sram.o(i.HAL_SRAM_Init)
    i.HAL_SRAM_MspInit                       0x080025cc   Section        0  stm32h7xx_hal_sram.o(i.HAL_SRAM_MspInit)
    i.HAL_SYSTICK_Config                     0x080025ce   Section        0  stm32h7xx_hal_cortex.o(i.HAL_SYSTICK_Config)
    i.HAL_TIM_Base_Init                      0x08002602   Section        0  stm32h7xx_hal_tim.o(i.HAL_TIM_Base_Init)
    i.HAL_TIM_Base_MspInit                   0x08002636   Section        0  stm32h7xx_hal_tim.o(i.HAL_TIM_Base_MspInit)
    i.HAL_TIM_Base_Start                     0x08002638   Section        0  stm32h7xx_hal_tim.o(i.HAL_TIM_Base_Start)
    i.HAL_UART_Init                          0x08002656   Section        0  stm32h7xx_hal_uart.o(i.HAL_UART_Init)
    i.HAL_UART_MspInit                       0x080026ce   Section        0  stm32h7xx_hal_uart.o(i.HAL_UART_MspInit)
    i.HC574_ConfigFMC                        0x080026d0   Section        0  bsp_fmc_io.o(i.HC574_ConfigFMC)
    HC574_ConfigFMC                          0x080026d1   Thumb Code   118  bsp_fmc_io.o(i.HC574_ConfigFMC)
    i.HC574_ConfigGPIO                       0x08002770   Section        0  bsp_fmc_io.o(i.HC574_ConfigGPIO)
    HC574_ConfigGPIO                         0x08002771   Thumb Code   256  bsp_fmc_io.o(i.HC574_ConfigGPIO)
    i.HC574_GetPin                           0x08002888   Section        0  bsp_fmc_io.o(i.HC574_GetPin)
    i.HC574_SetPin                           0x080028a0   Section        0  bsp_fmc_io.o(i.HC574_SetPin)
    i.HardFaultHandler                       0x080028cc   Section        0  segger_hardfaulthandler.o(i.HardFaultHandler)
    i.InitHardUart                           0x080029d4   Section        0  bsp_uart_fifo.o(i.InitHardUart)
    InitHardUart                             0x080029d5   Thumb Code   426  bsp_uart_fifo.o(i.InitHardUart)
    i.IsKeyDownFunc                          0x08002b94   Section        0  bsp_key.o(i.IsKeyDownFunc)
    IsKeyDownFunc                            0x08002b95   Thumb Code   118  bsp_key.o(i.IsKeyDownFunc)
    i.KeyPinActive                           0x08002c0c   Section        0  bsp_key.o(i.KeyPinActive)
    KeyPinActive                             0x08002c0d   Thumb Code    48  bsp_key.o(i.KeyPinActive)
    i.MPU_Config                             0x08002c40   Section        0  bsp.o(i.MPU_Config)
    MPU_Config                               0x08002c41   Thumb Code   146  bsp.o(i.MPU_Config)
    i.MemManage_Handler                      0x08002cd2   Section        0  stm32h7xx_it.o(i.MemManage_Handler)
    i.NMI_Handler                            0x08002cd6   Section        0  stm32h7xx_it.o(i.NMI_Handler)
    i.PendSV_Handler                         0x08002cd8   Section        0  stm32h7xx_it.o(i.PendSV_Handler)
    i.PrintfHelp                             0x08002cdc   Section        0  main.o(i.PrintfHelp)
    PrintfHelp                               0x08002cdd   Thumb Code    22  main.o(i.PrintfHelp)
    i.PrintfLogo                             0x08002d7c   Section        0  main.o(i.PrintfLogo)
    PrintfLogo                               0x08002d7d   Thumb Code   146  main.o(i.PrintfLogo)
    i.RCCEx_PLL2_Config                      0x08002fe0   Section        0  stm32h7xx_hal_rcc_ex.o(i.RCCEx_PLL2_Config)
    RCCEx_PLL2_Config                        0x08002fe1   Thumb Code   300  stm32h7xx_hal_rcc_ex.o(i.RCCEx_PLL2_Config)
    i.RCCEx_PLL3_Config                      0x08003110   Section        0  stm32h7xx_hal_rcc_ex.o(i.RCCEx_PLL3_Config)
    RCCEx_PLL3_Config                        0x08003111   Thumb Code   300  stm32h7xx_hal_rcc_ex.o(i.RCCEx_PLL3_Config)
    i.RS485_InitTXE                          0x08003240   Section        0  bsp_uart_fifo.o(i.RS485_InitTXE)
    i.RS485_ReciveNew                        0x08003284   Section        0  bsp_uart_fifo.o(i.RS485_ReciveNew)
    i.RS485_SendBefor                        0x08003288   Section        0  bsp_uart_fifo.o(i.RS485_SendBefor)
    i.RS485_SendOver                         0x08003294   Section        0  bsp_uart_fifo.o(i.RS485_SendOver)
    i.SCB_EnableDCache                       0x080032a0   Section        0  bsp.o(i.SCB_EnableDCache)
    SCB_EnableDCache                         0x080032a1   Thumb Code   148  bsp.o(i.SCB_EnableDCache)
    i.SCB_EnableICache                       0x0800333c   Section        0  bsp.o(i.SCB_EnableICache)
    SCB_EnableICache                         0x0800333d   Thumb Code   116  bsp.o(i.SCB_EnableICache)
    i.SVC_Handler                            0x080033b8   Section        0  stm32h7xx_it.o(i.SVC_Handler)
    i.SysTick_Handler                        0x080033bc   Section        0  bsp_timer.o(i.SysTick_Handler)
    i.SysTick_ISR                            0x080033d8   Section        0  bsp_timer.o(i.SysTick_ISR)
    i.SystemClock_Config                     0x0800345c   Section        0  bsp.o(i.SystemClock_Config)
    SystemClock_Config                       0x0800345d   Thumb Code   240  bsp.o(i.SystemClock_Config)
    i.SystemInit                             0x0800356c   Section        0  system_stm32h7xx.o(i.SystemInit)
    i.TIM2_IRQHandler                        0x08003600   Section        0  bsp_timer.o(i.TIM2_IRQHandler)
    i.TIM_Base_SetConfig                     0x080036b4   Section        0  stm32h7xx_hal_tim.o(i.TIM_Base_SetConfig)
    i.UART_AdvFeatureConfig                  0x08003780   Section        0  stm32h7xx_hal_uart.o(i.UART_AdvFeatureConfig)
    i.UART_CheckIdleState                    0x0800386a   Section        0  stm32h7xx_hal_uart.o(i.UART_CheckIdleState)
    i.UART_SetConfig                         0x080038e0   Section        0  stm32h7xx_hal_uart.o(i.UART_SetConfig)
    i.UART_WaitOnFlagUntilTimeout            0x08004284   Section        0  stm32h7xx_hal_uart.o(i.UART_WaitOnFlagUntilTimeout)
    i.USART1_IRQHandler                      0x080042f0   Section        0  bsp_uart_fifo.o(i.USART1_IRQHandler)
    i.USART3_IRQHandler                      0x08004300   Section        0  bsp_uart_fifo.o(i.USART3_IRQHandler)
    i.UartIRQ                                0x08004310   Section        0  bsp_uart_fifo.o(i.UartIRQ)
    UartIRQ                                  0x08004311   Thumb Code   378  bsp_uart_fifo.o(i.UartIRQ)
    i.UartVarInit                            0x0800448c   Section        0  bsp_uart_fifo.o(i.UartVarInit)
    UartVarInit                              0x0800448d   Thumb Code   102  bsp_uart_fifo.o(i.UartVarInit)
    i.UsageFault_Handler                     0x08004520   Section        0  stm32h7xx_it.o(i.UsageFault_Handler)
    i.__0printf$8                            0x08004524   Section        0  printf8.o(i.__0printf$8)
    i.__NVIC_GetPriorityGrouping             0x08004544   Section        0  stm32h7xx_hal_cortex.o(i.__NVIC_GetPriorityGrouping)
    __NVIC_GetPriorityGrouping               0x08004545   Thumb Code    10  stm32h7xx_hal_cortex.o(i.__NVIC_GetPriorityGrouping)
    i.__NVIC_SetPriority                     0x08004554   Section        0  stm32h7xx_hal_cortex.o(i.__NVIC_SetPriority)
    __NVIC_SetPriority                       0x08004555   Thumb Code    32  stm32h7xx_hal_cortex.o(i.__NVIC_SetPriority)
    i.__scatterload_copy                     0x0800457c   Section       14  handlers.o(i.__scatterload_copy)
    i.__scatterload_null                     0x0800458a   Section        2  handlers.o(i.__scatterload_null)
    i.__scatterload_zeroinit                 0x0800458c   Section       14  handlers.o(i.__scatterload_zeroinit)
    i.__set_PRIMASK                          0x0800459a   Section        0  bsp_timer.o(i.__set_PRIMASK)
    __set_PRIMASK                            0x0800459b   Thumb Code     6  bsp_timer.o(i.__set_PRIMASK)
    i._printf_core                           0x080045a0   Section        0  printf8.o(i._printf_core)
    _printf_core                             0x080045a1   Thumb Code   984  printf8.o(i._printf_core)
    i._printf_post_padding                   0x080049a4   Section        0  printf8.o(i._printf_post_padding)
    _printf_post_padding                     0x080049a5   Thumb Code    36  printf8.o(i._printf_post_padding)
    i._printf_pre_padding                    0x080049c8   Section        0  printf8.o(i._printf_pre_padding)
    _printf_pre_padding                      0x080049c9   Thumb Code    46  printf8.o(i._printf_pre_padding)
    i.bsp_CheckTimer                         0x080049f8   Section        0  bsp_timer.o(i.bsp_CheckTimer)
    i.bsp_DelayMS                            0x08004a2c   Section        0  bsp_timer.o(i.bsp_DelayMS)
    i.bsp_DetectKey                          0x08004a70   Section        0  bsp_key.o(i.bsp_DetectKey)
    bsp_DetectKey                            0x08004a71   Thumb Code   200  bsp_key.o(i.bsp_DetectKey)
    i.bsp_Idle                               0x08004b3c   Section        0  bsp.o(i.bsp_Idle)
    i.bsp_Init                               0x08004b3e   Section        0  bsp.o(i.bsp_Init)
    i.bsp_InitExtIO                          0x08004b68   Section        0  bsp_fmc_io.o(i.bsp_InitExtIO)
    i.bsp_InitHardTimer                      0x08004b8c   Section        0  bsp_timer.o(i.bsp_InitHardTimer)
    i.bsp_InitKey                            0x08004c88   Section        0  bsp_key.o(i.bsp_InitKey)
    i.bsp_InitKeyHard                        0x08004c94   Section        0  bsp_key.o(i.bsp_InitKeyHard)
    bsp_InitKeyHard                          0x08004c95   Thumb Code   184  bsp_key.o(i.bsp_InitKeyHard)
    i.bsp_InitKeyVar                         0x08004d54   Section        0  bsp_key.o(i.bsp_InitKeyVar)
    bsp_InitKeyVar                           0x08004d55   Thumb Code   112  bsp_key.o(i.bsp_InitKeyVar)
    i.bsp_InitLed                            0x08004dcc   Section        0  bsp_led.o(i.bsp_InitLed)
    i.bsp_InitTimer                          0x08004de8   Section        0  bsp_timer.o(i.bsp_InitTimer)
    i.bsp_InitUart                           0x08004e90   Section        0  bsp_uart_fifo.o(i.bsp_InitUart)
    i.bsp_KeyScan10ms                        0x08004ea0   Section        0  bsp_key.o(i.bsp_KeyScan10ms)
    i.bsp_LedOff                             0x08004eb6   Section        0  bsp_led.o(i.bsp_LedOff)
    i.bsp_LedOn                              0x08004ef2   Section        0  bsp_led.o(i.bsp_LedOn)
    i.bsp_LedToggle                          0x08004f30   Section        0  bsp_led.o(i.bsp_LedToggle)
    i.bsp_PutKey                             0x08004f78   Section        0  bsp_key.o(i.bsp_PutKey)
    i.bsp_RunPer10ms                         0x08004f98   Section        0  bsp.o(i.bsp_RunPer10ms)
    i.bsp_RunPer1ms                          0x08004fa0   Section        0  bsp.o(i.bsp_RunPer1ms)
    i.bsp_SetKeyParam                        0x08004fa4   Section        0  bsp_key.o(i.bsp_SetKeyParam)
    i.bsp_SetUartParam                       0x08004fc8   Section        0  bsp_uart_fifo.o(i.bsp_SetUartParam)
    i.bsp_SoftTimerDec                       0x08005030   Section        0  bsp_timer.o(i.bsp_SoftTimerDec)
    bsp_SoftTimerDec                         0x08005031   Thumb Code    28  bsp_timer.o(i.bsp_SoftTimerDec)
    i.bsp_StartAutoTimer                     0x0800504c   Section        0  bsp_timer.o(i.bsp_StartAutoTimer)
    i.fputc                                  0x080050e8   Section        0  bsp_uart_fifo.o(i.fputc)
    i.main                                   0x08005100   Section        0  main.o(i.main)
    .constdata                               0x08005168   Section      112  bsp_key.o(.constdata)
    UARTPrescTable                           0x08005168   Data          24  bsp_key.o(.constdata)
    USARTPrescTable                          0x08005180   Data          24  bsp_key.o(.constdata)
    s_gpio_list                              0x08005198   Data          64  bsp_key.o(.constdata)
    .constdata                               0x080051d8   Section       96  bsp_timer.o(.constdata)
    UARTPrescTable                           0x080051d8   Data          24  bsp_timer.o(.constdata)
    USARTPrescTable                          0x080051f0   Data          24  bsp_timer.o(.constdata)
    __FUNCTION__                             0x08005208   Data          15  bsp_timer.o(.constdata)
    __FUNCTION__                             0x08005217   Data          19  bsp_timer.o(.constdata)
    __FUNCTION__                             0x0800522a   Data          14  bsp_timer.o(.constdata)
    .constdata                               0x08005238   Section       48  stm32h7xx_hal_uart.o(.constdata)
    UARTPrescTable                           0x08005238   Data          24  stm32h7xx_hal_uart.o(.constdata)
    USARTPrescTable                          0x08005250   Data          24  stm32h7xx_hal_uart.o(.constdata)
    .constdata                               0x08005268   Section       64  system_stm32h7xx.o(.constdata)
    UARTPrescTable                           0x08005268   Data          24  system_stm32h7xx.o(.constdata)
    USARTPrescTable                          0x08005280   Data          24  system_stm32h7xx.o(.constdata)
    .data                                    0x20000000   Section       30  bsp_timer.o(.data)
    s_TIM_CallBack1                          0x20000000   Data           4  bsp_timer.o(.data)
    s_TIM_CallBack2                          0x20000004   Data           4  bsp_timer.o(.data)
    s_TIM_CallBack3                          0x20000008   Data           4  bsp_timer.o(.data)
    s_TIM_CallBack4                          0x2000000c   Data           4  bsp_timer.o(.data)
    s_uiDelayCount                           0x20000010   Data           4  bsp_timer.o(.data)
    s_ucTimeOutFlag                          0x20000014   Data           1  bsp_timer.o(.data)
    g_ucEnableSystickISR                     0x2000001c   Data           1  bsp_timer.o(.data)
    s_count                                  0x2000001d   Data           1  bsp_timer.o(.data)
    .data                                    0x20000020   Section        4  bsp_fmc_io.o(.data)
    .data                                    0x20000024   Section        9  stm32h7xx_hal.o(.data)
    uwTick                                   0x20000024   Data           4  stm32h7xx_hal.o(.data)
    uwTickPrio                               0x20000028   Data           4  stm32h7xx_hal.o(.data)
    uwTickFreq                               0x2000002c   Data           1  stm32h7xx_hal.o(.data)
    .data                                    0x20000030   Section        8  system_stm32h7xx.o(.data)
    .data                                    0x20000038   Section        4  segger_hardfaulthandler.o(.data)
    _Continue                                0x20000038   Data           4  segger_hardfaulthandler.o(.data)
    .data                                    0x2000003c   Section        4  stdout.o(.data)
    .bss                                     0x20000040   Section      173  bsp_key.o(.bss)
    s_tBtn                                   0x20000040   Data         160  bsp_key.o(.bss)
    s_tKey                                   0x200000e0   Data          13  bsp_key.o(.bss)
    .bss                                     0x200000f0   Section       48  bsp_timer.o(.bss)
    s_tTmr                                   0x200000f0   Data          48  bsp_timer.o(.bss)
    .bss                                     0x20000120   Section     4184  bsp_uart_fifo.o(.bss)
    g_tUart1                                 0x20000120   Data          44  bsp_uart_fifo.o(.bss)
    g_TxBuf1                                 0x2000014c   Data        1024  bsp_uart_fifo.o(.bss)
    g_RxBuf1                                 0x2000054c   Data        1024  bsp_uart_fifo.o(.bss)
    g_tUart3                                 0x2000094c   Data          44  bsp_uart_fifo.o(.bss)
    g_TxBuf3                                 0x20000978   Data        1024  bsp_uart_fifo.o(.bss)
    g_RxBuf3                                 0x20000d78   Data        1024  bsp_uart_fifo.o(.bss)
    .bss                                     0x20001178   Section       64  segger_hardfaulthandler.o(.bss)
    HardFaultRegs                            0x20001178   Data          64  segger_hardfaulthandler.o(.bss)
    STACK                                    0x200011b8   Section     4096  startup_stm32h743xx.o(STACK)

    Global Symbols

    Symbol Name                              Value     Ov Type        Size  Object(Section)

    BuildAttributes$$THM_ISAv4$E$P$D$K$B$S$7EM$VFPv5_D16$PE$PLD8$A:L22UL41UL21$X:L11$S22US41US21$IEEE1$IW$USESV6$~STKCKD$USESV7$~SHL$OSPACE$ROPI$EBA8$MICROLIB$REQ8$PRES8$EABIv2 0x00000000   Number         0  anon$$obj.o ABSOLUTE
    __ARM_use_no_argv                        0x00000000   Number         0  main.o ABSOLUTE
    _printf_a                                0x00000000   Number         0  stubs.o ABSOLUTE
    _printf_c                                0x00000000   Number         0  stubs.o ABSOLUTE
    _printf_charcount                        0x00000000   Number         0  stubs.o ABSOLUTE
    _printf_d                                0x00000000   Number         0  stubs.o ABSOLUTE
    _printf_e                                0x00000000   Number         0  stubs.o ABSOLUTE
    _printf_f                                0x00000000   Number         0  stubs.o ABSOLUTE
    _printf_flags                            0x00000000   Number         0  stubs.o ABSOLUTE
    _printf_fp_dec                           0x00000000   Number         0  stubs.o ABSOLUTE
    _printf_fp_hex                           0x00000000   Number         0  stubs.o ABSOLUTE
    _printf_g                                0x00000000   Number         0  stubs.o ABSOLUTE
    _printf_i                                0x00000000   Number         0  stubs.o ABSOLUTE
    _printf_int_dec                          0x00000000   Number         0  stubs.o ABSOLUTE
    _printf_l                                0x00000000   Number         0  stubs.o ABSOLUTE
    _printf_lc                               0x00000000   Number         0  stubs.o ABSOLUTE
    _printf_ll                               0x00000000   Number         0  stubs.o ABSOLUTE
    _printf_lld                              0x00000000   Number         0  stubs.o ABSOLUTE
    _printf_lli                              0x00000000   Number         0  stubs.o ABSOLUTE
    _printf_llo                              0x00000000   Number         0  stubs.o ABSOLUTE
    _printf_llu                              0x00000000   Number         0  stubs.o ABSOLUTE
    _printf_llx                              0x00000000   Number         0  stubs.o ABSOLUTE
    _printf_longlong_dec                     0x00000000   Number         0  stubs.o ABSOLUTE
    _printf_longlong_hex                     0x00000000   Number         0  stubs.o ABSOLUTE
    _printf_longlong_oct                     0x00000000   Number         0  stubs.o ABSOLUTE
    _printf_ls                               0x00000000   Number         0  stubs.o ABSOLUTE
    _printf_mbtowc                           0x00000000   Number         0  stubs.o ABSOLUTE
    _printf_n                                0x00000000   Number         0  stubs.o ABSOLUTE
    _printf_o                                0x00000000   Number         0  stubs.o ABSOLUTE
    _printf_p                                0x00000000   Number         0  stubs.o ABSOLUTE
    _printf_percent                          0x00000000   Number         0  stubs.o ABSOLUTE
    _printf_pre_padding                      0x00000000   Number         0  stubs.o ABSOLUTE
    _printf_return_value                     0x00000000   Number         0  stubs.o ABSOLUTE
    _printf_s                                0x00000000   Number         0  stubs.o ABSOLUTE
    _printf_sizespec                         0x00000000   Number         0  stubs.o ABSOLUTE
    _printf_str                              0x00000000   Number         0  stubs.o ABSOLUTE
    _printf_truncate_signed                  0x00000000   Number         0  stubs.o ABSOLUTE
    _printf_truncate_unsigned                0x00000000   Number         0  stubs.o ABSOLUTE
    _printf_u                                0x00000000   Number         0  stubs.o ABSOLUTE
    _printf_wc                               0x00000000   Number         0  stubs.o ABSOLUTE
    _printf_wctomb                           0x00000000   Number         0  stubs.o ABSOLUTE
    _printf_widthprec                        0x00000000   Number         0  stubs.o ABSOLUTE
    _printf_x                                0x00000000   Number         0  stubs.o ABSOLUTE
    __arm_fini_                               - Undefined Weak Reference
    __cpp_initialize__aeabi_                  - Undefined Weak Reference
    __cxa_finalize                            - Undefined Weak Reference
    __decompress                              - Undefined Weak Reference
    _clock_init                               - Undefined Weak Reference
    _microlib_exit                            - Undefined Weak Reference
    __Vectors_Size                           0x00000298   Number         0  startup_stm32h743xx.o ABSOLUTE
    __Vectors                                0x08000000   Data           4  startup_stm32h743xx.o(RESET)
    __Vectors_End                            0x08000298   Data           0  startup_stm32h743xx.o(RESET)
    __main                                   0x08000299   Thumb Code     0  entry.o(.ARM.Collect$$$$00000000)
    _main_stk                                0x08000299   Thumb Code     0  entry2.o(.ARM.Collect$$$$00000001)
    _main_scatterload                        0x0800029d   Thumb Code     0  entry5.o(.ARM.Collect$$$$00000004)
    __main_after_scatterload                 0x080002a1   Thumb Code     0  entry5.o(.ARM.Collect$$$$00000004)
    _main_clock                              0x080002a1   Thumb Code     0  entry7b.o(.ARM.Collect$$$$00000008)
    _main_cpp_init                           0x080002a1   Thumb Code     0  entry8b.o(.ARM.Collect$$$$0000000A)
    _main_init                               0x080002a1   Thumb Code     0  entry9a.o(.ARM.Collect$$$$0000000B)
    __rt_lib_shutdown_fini                   0x080002a9   Thumb Code     0  entry12b.o(.ARM.Collect$$$$0000000E)
    __rt_final_cpp                           0x080002ad   Thumb Code     0  entry10a.o(.ARM.Collect$$$$0000000F)
    __rt_final_exit                          0x080002ad   Thumb Code     0  entry11a.o(.ARM.Collect$$$$00000011)
    Reset_Handler                            0x080002b1   Thumb Code     8  startup_stm32h743xx.o(.text)
    ADC3_IRQHandler                          0x080002cb   Thumb Code     0  startup_stm32h743xx.o(.text)
    ADC_IRQHandler                           0x080002cb   Thumb Code     0  startup_stm32h743xx.o(.text)
    BDMA_Channel0_IRQHandler                 0x080002cb   Thumb Code     0  startup_stm32h743xx.o(.text)
    BDMA_Channel1_IRQHandler                 0x080002cb   Thumb Code     0  startup_stm32h743xx.o(.text)
    BDMA_Channel2_IRQHandler                 0x080002cb   Thumb Code     0  startup_stm32h743xx.o(.text)
    BDMA_Channel3_IRQHandler                 0x080002cb   Thumb Code     0  startup_stm32h743xx.o(.text)
    BDMA_Channel4_IRQHandler                 0x080002cb   Thumb Code     0  startup_stm32h743xx.o(.text)
    BDMA_Channel5_IRQHandler                 0x080002cb   Thumb Code     0  startup_stm32h743xx.o(.text)
    BDMA_Channel6_IRQHandler                 0x080002cb   Thumb Code     0  startup_stm32h743xx.o(.text)
    BDMA_Channel7_IRQHandler                 0x080002cb   Thumb Code     0  startup_stm32h743xx.o(.text)
    CEC_IRQHandler                           0x080002cb   Thumb Code     0  startup_stm32h743xx.o(.text)
    COMP1_IRQHandler                         0x080002cb   Thumb Code     0  startup_stm32h743xx.o(.text)
    CRS_IRQHandler                           0x080002cb   Thumb Code     0  startup_stm32h743xx.o(.text)
    DCMI_IRQHandler                          0x080002cb   Thumb Code     0  startup_stm32h743xx.o(.text)
    DFSDM1_FLT0_IRQHandler                   0x080002cb   Thumb Code     0  startup_stm32h743xx.o(.text)
    DFSDM1_FLT1_IRQHandler                   0x080002cb   Thumb Code     0  startup_stm32h743xx.o(.text)
    DFSDM1_FLT2_IRQHandler                   0x080002cb   Thumb Code     0  startup_stm32h743xx.o(.text)
    DFSDM1_FLT3_IRQHandler                   0x080002cb   Thumb Code     0  startup_stm32h743xx.o(.text)
    DMA1_Stream0_IRQHandler                  0x080002cb   Thumb Code     0  startup_stm32h743xx.o(.text)
    DMA1_Stream1_IRQHandler                  0x080002cb   Thumb Code     0  startup_stm32h743xx.o(.text)
    DMA1_Stream2_IRQHandler                  0x080002cb   Thumb Code     0  startup_stm32h743xx.o(.text)
    DMA1_Stream3_IRQHandler                  0x080002cb   Thumb Code     0  startup_stm32h743xx.o(.text)
    DMA1_Stream4_IRQHandler                  0x080002cb   Thumb Code     0  startup_stm32h743xx.o(.text)
    DMA1_Stream5_IRQHandler                  0x080002cb   Thumb Code     0  startup_stm32h743xx.o(.text)
    DMA1_Stream6_IRQHandler                  0x080002cb   Thumb Code     0  startup_stm32h743xx.o(.text)
    DMA1_Stream7_IRQHandler                  0x080002cb   Thumb Code     0  startup_stm32h743xx.o(.text)
    DMA2D_IRQHandler                         0x080002cb   Thumb Code     0  startup_stm32h743xx.o(.text)
    DMA2_Stream0_IRQHandler                  0x080002cb   Thumb Code     0  startup_stm32h743xx.o(.text)
    DMA2_Stream1_IRQHandler                  0x080002cb   Thumb Code     0  startup_stm32h743xx.o(.text)
    DMA2_Stream2_IRQHandler                  0x080002cb   Thumb Code     0  startup_stm32h743xx.o(.text)
    DMA2_Stream3_IRQHandler                  0x080002cb   Thumb Code     0  startup_stm32h743xx.o(.text)
    DMA2_Stream4_IRQHandler                  0x080002cb   Thumb Code     0  startup_stm32h743xx.o(.text)
    DMA2_Stream5_IRQHandler                  0x080002cb   Thumb Code     0  startup_stm32h743xx.o(.text)
    DMA2_Stream6_IRQHandler                  0x080002cb   Thumb Code     0  startup_stm32h743xx.o(.text)
    DMA2_Stream7_IRQHandler                  0x080002cb   Thumb Code     0  startup_stm32h743xx.o(.text)
    DMAMUX1_OVR_IRQHandler                   0x080002cb   Thumb Code     0  startup_stm32h743xx.o(.text)
    DMAMUX2_OVR_IRQHandler                   0x080002cb   Thumb Code     0  startup_stm32h743xx.o(.text)
    ETH_IRQHandler                           0x080002cb   Thumb Code     0  startup_stm32h743xx.o(.text)
    ETH_WKUP_IRQHandler                      0x080002cb   Thumb Code     0  startup_stm32h743xx.o(.text)
    EXTI0_IRQHandler                         0x080002cb   Thumb Code     0  startup_stm32h743xx.o(.text)
    EXTI15_10_IRQHandler                     0x080002cb   Thumb Code     0  startup_stm32h743xx.o(.text)
    EXTI1_IRQHandler                         0x080002cb   Thumb Code     0  startup_stm32h743xx.o(.text)
    EXTI2_IRQHandler                         0x080002cb   Thumb Code     0  startup_stm32h743xx.o(.text)
    EXTI3_IRQHandler                         0x080002cb   Thumb Code     0  startup_stm32h743xx.o(.text)
    EXTI4_IRQHandler                         0x080002cb   Thumb Code     0  startup_stm32h743xx.o(.text)
    EXTI9_5_IRQHandler                       0x080002cb   Thumb Code     0  startup_stm32h743xx.o(.text)
    FDCAN1_IT0_IRQHandler                    0x080002cb   Thumb Code     0  startup_stm32h743xx.o(.text)
    FDCAN1_IT1_IRQHandler                    0x080002cb   Thumb Code     0  startup_stm32h743xx.o(.text)
    FDCAN2_IT0_IRQHandler                    0x080002cb   Thumb Code     0  startup_stm32h743xx.o(.text)
    FDCAN2_IT1_IRQHandler                    0x080002cb   Thumb Code     0  startup_stm32h743xx.o(.text)
    FDCAN_CAL_IRQHandler                     0x080002cb   Thumb Code     0  startup_stm32h743xx.o(.text)
    FLASH_IRQHandler                         0x080002cb   Thumb Code     0  startup_stm32h743xx.o(.text)
    FMC_IRQHandler                           0x080002cb   Thumb Code     0  startup_stm32h743xx.o(.text)
    FPU_IRQHandler                           0x080002cb   Thumb Code     0  startup_stm32h743xx.o(.text)
    HRTIM1_FLT_IRQHandler                    0x080002cb   Thumb Code     0  startup_stm32h743xx.o(.text)
    HRTIM1_Master_IRQHandler                 0x080002cb   Thumb Code     0  startup_stm32h743xx.o(.text)
    HRTIM1_TIMA_IRQHandler                   0x080002cb   Thumb Code     0  startup_stm32h743xx.o(.text)
    HRTIM1_TIMB_IRQHandler                   0x080002cb   Thumb Code     0  startup_stm32h743xx.o(.text)
    HRTIM1_TIMC_IRQHandler                   0x080002cb   Thumb Code     0  startup_stm32h743xx.o(.text)
    HRTIM1_TIMD_IRQHandler                   0x080002cb   Thumb Code     0  startup_stm32h743xx.o(.text)
    HRTIM1_TIME_IRQHandler                   0x080002cb   Thumb Code     0  startup_stm32h743xx.o(.text)
    HSEM1_IRQHandler                         0x080002cb   Thumb Code     0  startup_stm32h743xx.o(.text)
    I2C1_ER_IRQHandler                       0x080002cb   Thumb Code     0  startup_stm32h743xx.o(.text)
    I2C1_EV_IRQHandler                       0x080002cb   Thumb Code     0  startup_stm32h743xx.o(.text)
    I2C2_ER_IRQHandler                       0x080002cb   Thumb Code     0  startup_stm32h743xx.o(.text)
    I2C2_EV_IRQHandler                       0x080002cb   Thumb Code     0  startup_stm32h743xx.o(.text)
    I2C3_ER_IRQHandler                       0x080002cb   Thumb Code     0  startup_stm32h743xx.o(.text)
    I2C3_EV_IRQHandler                       0x080002cb   Thumb Code     0  startup_stm32h743xx.o(.text)
    I2C4_ER_IRQHandler                       0x080002cb   Thumb Code     0  startup_stm32h743xx.o(.text)
    I2C4_EV_IRQHandler                       0x080002cb   Thumb Code     0  startup_stm32h743xx.o(.text)
    JPEG_IRQHandler                          0x080002cb   Thumb Code     0  startup_stm32h743xx.o(.text)
    LPTIM1_IRQHandler                        0x080002cb   Thumb Code     0  startup_stm32h743xx.o(.text)
    LPTIM2_IRQHandler                        0x080002cb   Thumb Code     0  startup_stm32h743xx.o(.text)
    LPTIM3_IRQHandler                        0x080002cb   Thumb Code     0  startup_stm32h743xx.o(.text)
    LPTIM4_IRQHandler                        0x080002cb   Thumb Code     0  startup_stm32h743xx.o(.text)
    LPTIM5_IRQHandler                        0x080002cb   Thumb Code     0  startup_stm32h743xx.o(.text)
    LPUART1_IRQHandler                       0x080002cb   Thumb Code     0  startup_stm32h743xx.o(.text)
    LTDC_ER_IRQHandler                       0x080002cb   Thumb Code     0  startup_stm32h743xx.o(.text)
    LTDC_IRQHandler                          0x080002cb   Thumb Code     0  startup_stm32h743xx.o(.text)
    MDIOS_IRQHandler                         0x080002cb   Thumb Code     0  startup_stm32h743xx.o(.text)
    MDIOS_WKUP_IRQHandler                    0x080002cb   Thumb Code     0  startup_stm32h743xx.o(.text)
    MDMA_IRQHandler                          0x080002cb   Thumb Code     0  startup_stm32h743xx.o(.text)
    OTG_FS_EP1_IN_IRQHandler                 0x080002cb   Thumb Code     0  startup_stm32h743xx.o(.text)
    OTG_FS_EP1_OUT_IRQHandler                0x080002cb   Thumb Code     0  startup_stm32h743xx.o(.text)
    OTG_FS_IRQHandler                        0x080002cb   Thumb Code     0  startup_stm32h743xx.o(.text)
    OTG_FS_WKUP_IRQHandler                   0x080002cb   Thumb Code     0  startup_stm32h743xx.o(.text)
    OTG_HS_EP1_IN_IRQHandler                 0x080002cb   Thumb Code     0  startup_stm32h743xx.o(.text)
    OTG_HS_EP1_OUT_IRQHandler                0x080002cb   Thumb Code     0  startup_stm32h743xx.o(.text)
    OTG_HS_IRQHandler                        0x080002cb   Thumb Code     0  startup_stm32h743xx.o(.text)
    OTG_HS_WKUP_IRQHandler                   0x080002cb   Thumb Code     0  startup_stm32h743xx.o(.text)
    PVD_AVD_IRQHandler                       0x080002cb   Thumb Code     0  startup_stm32h743xx.o(.text)
    QUADSPI_IRQHandler                       0x080002cb   Thumb Code     0  startup_stm32h743xx.o(.text)
    RCC_IRQHandler                           0x080002cb   Thumb Code     0  startup_stm32h743xx.o(.text)
    RNG_IRQHandler                           0x080002cb   Thumb Code     0  startup_stm32h743xx.o(.text)
    RTC_Alarm_IRQHandler                     0x080002cb   Thumb Code     0  startup_stm32h743xx.o(.text)
    RTC_WKUP_IRQHandler                      0x080002cb   Thumb Code     0  startup_stm32h743xx.o(.text)
    SAI1_IRQHandler                          0x080002cb   Thumb Code     0  startup_stm32h743xx.o(.text)
    SAI2_IRQHandler                          0x080002cb   Thumb Code     0  startup_stm32h743xx.o(.text)
    SAI3_IRQHandler                          0x080002cb   Thumb Code     0  startup_stm32h743xx.o(.text)
    SAI4_IRQHandler                          0x080002cb   Thumb Code     0  startup_stm32h743xx.o(.text)
    SDMMC1_IRQHandler                        0x080002cb   Thumb Code     0  startup_stm32h743xx.o(.text)
    SDMMC2_IRQHandler                        0x080002cb   Thumb Code     0  startup_stm32h743xx.o(.text)
    SPDIF_RX_IRQHandler                      0x080002cb   Thumb Code     0  startup_stm32h743xx.o(.text)
    SPI1_IRQHandler                          0x080002cb   Thumb Code     0  startup_stm32h743xx.o(.text)
    SPI2_IRQHandler                          0x080002cb   Thumb Code     0  startup_stm32h743xx.o(.text)
    SPI3_IRQHandler                          0x080002cb   Thumb Code     0  startup_stm32h743xx.o(.text)
    SPI4_IRQHandler                          0x080002cb   Thumb Code     0  startup_stm32h743xx.o(.text)
    SPI5_IRQHandler                          0x080002cb   Thumb Code     0  startup_stm32h743xx.o(.text)
    SPI6_IRQHandler                          0x080002cb   Thumb Code     0  startup_stm32h743xx.o(.text)
    SWPMI1_IRQHandler                        0x080002cb   Thumb Code     0  startup_stm32h743xx.o(.text)
    TAMP_STAMP_IRQHandler                    0x080002cb   Thumb Code     0  startup_stm32h743xx.o(.text)
    TIM15_IRQHandler                         0x080002cb   Thumb Code     0  startup_stm32h743xx.o(.text)
    TIM16_IRQHandler                         0x080002cb   Thumb Code     0  startup_stm32h743xx.o(.text)
    TIM17_IRQHandler                         0x080002cb   Thumb Code     0  startup_stm32h743xx.o(.text)
    TIM1_BRK_IRQHandler                      0x080002cb   Thumb Code     0  startup_stm32h743xx.o(.text)
    TIM1_CC_IRQHandler                       0x080002cb   Thumb Code     0  startup_stm32h743xx.o(.text)
    TIM1_TRG_COM_IRQHandler                  0x080002cb   Thumb Code     0  startup_stm32h743xx.o(.text)
    TIM1_UP_IRQHandler                       0x080002cb   Thumb Code     0  startup_stm32h743xx.o(.text)
    TIM3_IRQHandler                          0x080002cb   Thumb Code     0  startup_stm32h743xx.o(.text)
    TIM4_IRQHandler                          0x080002cb   Thumb Code     0  startup_stm32h743xx.o(.text)
    TIM5_IRQHandler                          0x080002cb   Thumb Code     0  startup_stm32h743xx.o(.text)
    TIM6_DAC_IRQHandler                      0x080002cb   Thumb Code     0  startup_stm32h743xx.o(.text)
    TIM7_IRQHandler                          0x080002cb   Thumb Code     0  startup_stm32h743xx.o(.text)
    TIM8_BRK_TIM12_IRQHandler                0x080002cb   Thumb Code     0  startup_stm32h743xx.o(.text)
    TIM8_CC_IRQHandler                       0x080002cb   Thumb Code     0  startup_stm32h743xx.o(.text)
    TIM8_TRG_COM_TIM14_IRQHandler            0x080002cb   Thumb Code     0  startup_stm32h743xx.o(.text)
    TIM8_UP_TIM13_IRQHandler                 0x080002cb   Thumb Code     0  startup_stm32h743xx.o(.text)
    UART4_IRQHandler                         0x080002cb   Thumb Code     0  startup_stm32h743xx.o(.text)
    UART5_IRQHandler                         0x080002cb   Thumb Code     0  startup_stm32h743xx.o(.text)
    UART7_IRQHandler                         0x080002cb   Thumb Code     0  startup_stm32h743xx.o(.text)
    UART8_IRQHandler                         0x080002cb   Thumb Code     0  startup_stm32h743xx.o(.text)
    USART2_IRQHandler                        0x080002cb   Thumb Code     0  startup_stm32h743xx.o(.text)
    USART6_IRQHandler                        0x080002cb   Thumb Code     0  startup_stm32h743xx.o(.text)
    WAKEUP_PIN_IRQHandler                    0x080002cb   Thumb Code     0  startup_stm32h743xx.o(.text)
    WWDG_IRQHandler                          0x080002cb   Thumb Code     0  startup_stm32h743xx.o(.text)
    __aeabi_uldivmod                         0x080002d5   Thumb Code    98  uldiv.o(.text)
    __aeabi_memset                           0x08000337   Thumb Code    14  memseta.o(.text)
    __aeabi_memset4                          0x08000337   Thumb Code     0  memseta.o(.text)
    __aeabi_memset8                          0x08000337   Thumb Code     0  memseta.o(.text)
    __aeabi_memclr                           0x08000345   Thumb Code     4  memseta.o(.text)
    __aeabi_memclr4                          0x08000345   Thumb Code     0  memseta.o(.text)
    __aeabi_memclr8                          0x08000345   Thumb Code     0  memseta.o(.text)
    _memset$wrapper                          0x08000349   Thumb Code    18  memseta.o(.text)
    __aeabi_llsl                             0x0800035b   Thumb Code    30  llshl.o(.text)
    _ll_shift_l                              0x0800035b   Thumb Code     0  llshl.o(.text)
    __aeabi_llsr                             0x08000379   Thumb Code    32  llushr.o(.text)
    _ll_ushift_r                             0x08000379   Thumb Code     0  llushr.o(.text)
    __scatterload                            0x08000399   Thumb Code    28  init.o(.text)
    __scatterload_rt2                        0x08000399   Thumb Code     0  init.o(.text)
    HardFault_Handler                        0x080003bd   Thumb Code     0  hardfaulthandler.o(OSKERNEL)
    BusFault_Handler                         0x080003cf   Thumb Code     4  stm32h7xx_it.o(i.BusFault_Handler)
    DebugMon_Handler                         0x080003df   Thumb Code     2  stm32h7xx_it.o(i.DebugMon_Handler)
    Error_Handler                            0x080003e1   Thumb Code     8  bsp.o(i.Error_Handler)
    FMC_NORSRAM_Extended_Timing_Init         0x080003e9   Thumb Code    66  stm32h7xx_ll_fmc.o(i.FMC_NORSRAM_Extended_Timing_Init)
    FMC_NORSRAM_Init                         0x08000431   Thumb Code   124  stm32h7xx_ll_fmc.o(i.FMC_NORSRAM_Init)
    FMC_NORSRAM_Timing_Init                  0x080004b1   Thumb Code    94  stm32h7xx_ll_fmc.o(i.FMC_NORSRAM_Timing_Init)
    HAL_EnableCompensationCell               0x08000511   Thumb Code    14  stm32h7xx_hal.o(i.HAL_EnableCompensationCell)
    HAL_GPIO_Init                            0x08000525   Thumb Code   534  stm32h7xx_hal_gpio.o(i.HAL_GPIO_Init)
    HAL_GetTick                              0x08000771   Thumb Code     6  stm32h7xx_hal.o(i.HAL_GetTick)
    HAL_IncTick                              0x0800077d   Thumb Code    16  stm32h7xx_hal.o(i.HAL_IncTick)
    HAL_Init                                 0x08000795   Thumb Code    28  stm32h7xx_hal.o(i.HAL_Init)
    HAL_InitTick                             0x080007b1   Thumb Code    64  stm32h7xx_hal.o(i.HAL_InitTick)
    HAL_MPU_ConfigRegion                     0x080007fd   Thumb Code    88  stm32h7xx_hal_cortex.o(i.HAL_MPU_ConfigRegion)
    HAL_MPU_Disable                          0x08000859   Thumb Code    38  stm32h7xx_hal_cortex.o(i.HAL_MPU_Disable)
    HAL_MPU_Enable                           0x08000885   Thumb Code    58  stm32h7xx_hal_cortex.o(i.HAL_MPU_Enable)
    HAL_MspInit                              0x080008c5   Thumb Code     2  stm32h7xx_hal.o(i.HAL_MspInit)
    HAL_NVIC_EnableIRQ                       0x080008c7   Thumb Code    32  stm32h7xx_hal_cortex.o(i.HAL_NVIC_EnableIRQ)
    HAL_NVIC_SetPriority                     0x080008e7   Thumb Code   122  stm32h7xx_hal_cortex.o(i.HAL_NVIC_SetPriority)
    HAL_NVIC_SetPriorityGrouping             0x08000961   Thumb Code    32  stm32h7xx_hal_cortex.o(i.HAL_NVIC_SetPriorityGrouping)
    HAL_RCCEx_GetD1SysClockFreq              0x08000989   Thumb Code    44  stm32h7xx_hal_rcc_ex.o(i.HAL_RCCEx_GetD1SysClockFreq)
    HAL_RCCEx_GetD3PCLK1Freq                 0x080009c1   Thumb Code    34  stm32h7xx_hal_rcc_ex.o(i.HAL_RCCEx_GetD3PCLK1Freq)
    HAL_RCCEx_GetPLL2ClockFreq               0x080009ed   Thumb Code   532  stm32h7xx_hal_rcc_ex.o(i.HAL_RCCEx_GetPLL2ClockFreq)
    HAL_RCCEx_GetPLL3ClockFreq               0x08000c19   Thumb Code   532  stm32h7xx_hal_rcc_ex.o(i.HAL_RCCEx_GetPLL3ClockFreq)
    HAL_RCCEx_PeriphCLKConfig                0x08000e45   Thumb Code  2868  stm32h7xx_hal_rcc_ex.o(i.HAL_RCCEx_PeriphCLKConfig)
    HAL_RCC_ClockConfig                      0x0800197d   Thumb Code   574  stm32h7xx_hal_rcc.o(i.HAL_RCC_ClockConfig)
    HAL_RCC_GetHCLKFreq                      0x08001bcd   Thumb Code    42  stm32h7xx_hal_rcc.o(i.HAL_RCC_GetHCLKFreq)
    HAL_RCC_GetPCLK1Freq                     0x08001c05   Thumb Code    34  stm32h7xx_hal_rcc.o(i.HAL_RCC_GetPCLK1Freq)
    HAL_RCC_GetPCLK2Freq                     0x08001c31   Thumb Code    36  stm32h7xx_hal_rcc.o(i.HAL_RCC_GetPCLK2Freq)
    HAL_RCC_GetSysClockFreq                  0x08001c5d   Thumb Code   556  stm32h7xx_hal_rcc.o(i.HAL_RCC_GetSysClockFreq)
    HAL_RCC_OscConfig                        0x08001ea1   Thumb Code  1724  stm32h7xx_hal_rcc.o(i.HAL_RCC_OscConfig)
    HAL_SRAM_Init                            0x08002565   Thumb Code   100  stm32h7xx_hal_sram.o(i.HAL_SRAM_Init)
    HAL_SRAM_MspInit                         0x080025cd   Thumb Code     2  stm32h7xx_hal_sram.o(i.HAL_SRAM_MspInit)
    HAL_SYSTICK_Config                       0x080025cf   Thumb Code    52  stm32h7xx_hal_cortex.o(i.HAL_SYSTICK_Config)
    HAL_TIM_Base_Init                        0x08002603   Thumb Code    52  stm32h7xx_hal_tim.o(i.HAL_TIM_Base_Init)
    HAL_TIM_Base_MspInit                     0x08002637   Thumb Code     2  stm32h7xx_hal_tim.o(i.HAL_TIM_Base_MspInit)
    HAL_TIM_Base_Start                       0x08002639   Thumb Code    30  stm32h7xx_hal_tim.o(i.HAL_TIM_Base_Start)
    HAL_UART_Init                            0x08002657   Thumb Code   120  stm32h7xx_hal_uart.o(i.HAL_UART_Init)
    HAL_UART_MspInit                         0x080026cf   Thumb Code     2  stm32h7xx_hal_uart.o(i.HAL_UART_MspInit)
    HC574_GetPin                             0x08002889   Thumb Code    18  bsp_fmc_io.o(i.HC574_GetPin)
    HC574_SetPin                             0x080028a1   Thumb Code    34  bsp_fmc_io.o(i.HC574_SetPin)
    HardFaultHandler                         0x080028cd   Thumb Code   202  segger_hardfaulthandler.o(i.HardFaultHandler)
    MemManage_Handler                        0x08002cd3   Thumb Code     4  stm32h7xx_it.o(i.MemManage_Handler)
    NMI_Handler                              0x08002cd7   Thumb Code     2  stm32h7xx_it.o(i.NMI_Handler)
    PendSV_Handler                           0x08002cd9   Thumb Code     2  stm32h7xx_it.o(i.PendSV_Handler)
    RS485_InitTXE                            0x08003241   Thumb Code    60  bsp_uart_fifo.o(i.RS485_InitTXE)
    RS485_ReciveNew                          0x08003285   Thumb Code     2  bsp_uart_fifo.o(i.RS485_ReciveNew)
    RS485_SendBefor                          0x08003289   Thumb Code     8  bsp_uart_fifo.o(i.RS485_SendBefor)
    RS485_SendOver                           0x08003295   Thumb Code     8  bsp_uart_fifo.o(i.RS485_SendOver)
    SVC_Handler                              0x080033b9   Thumb Code     2  stm32h7xx_it.o(i.SVC_Handler)
    SysTick_Handler                          0x080033bd   Thumb Code    22  bsp_timer.o(i.SysTick_Handler)
    SysTick_ISR                              0x080033d9   Thumb Code   110  bsp_timer.o(i.SysTick_ISR)
    SystemInit                               0x0800356d   Thumb Code   130  system_stm32h7xx.o(i.SystemInit)
    TIM2_IRQHandler                          0x08003601   Thumb Code   164  bsp_timer.o(i.TIM2_IRQHandler)
    TIM_Base_SetConfig                       0x080036b5   Thumb Code   172  stm32h7xx_hal_tim.o(i.TIM_Base_SetConfig)
    UART_AdvFeatureConfig                    0x08003781   Thumb Code   234  stm32h7xx_hal_uart.o(i.UART_AdvFeatureConfig)
    UART_CheckIdleState                      0x0800386b   Thumb Code   116  stm32h7xx_hal_uart.o(i.UART_CheckIdleState)
    UART_SetConfig                           0x080038e1   Thumb Code  2452  stm32h7xx_hal_uart.o(i.UART_SetConfig)
    UART_WaitOnFlagUntilTimeout              0x08004285   Thumb Code   108  stm32h7xx_hal_uart.o(i.UART_WaitOnFlagUntilTimeout)
    USART1_IRQHandler                        0x080042f1   Thumb Code    10  bsp_uart_fifo.o(i.USART1_IRQHandler)
    USART3_IRQHandler                        0x08004301   Thumb Code    10  bsp_uart_fifo.o(i.USART3_IRQHandler)
    UsageFault_Handler                       0x08004521   Thumb Code     4  stm32h7xx_it.o(i.UsageFault_Handler)
    __0printf$8                              0x08004525   Thumb Code    22  printf8.o(i.__0printf$8)
    __1printf$8                              0x08004525   Thumb Code     0  printf8.o(i.__0printf$8)
    __2printf                                0x08004525   Thumb Code     0  printf8.o(i.__0printf$8)
    __scatterload_copy                       0x0800457d   Thumb Code    14  handlers.o(i.__scatterload_copy)
    __scatterload_null                       0x0800458b   Thumb Code     2  handlers.o(i.__scatterload_null)
    __scatterload_zeroinit                   0x0800458d   Thumb Code    14  handlers.o(i.__scatterload_zeroinit)
    bsp_CheckTimer                           0x080049f9   Thumb Code    48  bsp_timer.o(i.bsp_CheckTimer)
    bsp_DelayMS                              0x08004a2d   Thumb Code    58  bsp_timer.o(i.bsp_DelayMS)
    bsp_Idle                                 0x08004b3d   Thumb Code     2  bsp.o(i.bsp_Idle)
    bsp_Init                                 0x08004b3f   Thumb Code    40  bsp.o(i.bsp_Init)
    bsp_InitExtIO                            0x08004b69   Thumb Code    28  bsp_fmc_io.o(i.bsp_InitExtIO)
    bsp_InitHardTimer                        0x08004b8d   Thumb Code   182  bsp_timer.o(i.bsp_InitHardTimer)
    bsp_InitKey                              0x08004c89   Thumb Code    12  bsp_key.o(i.bsp_InitKey)
    bsp_InitLed                              0x08004dcd   Thumb Code    28  bsp_led.o(i.bsp_InitLed)
    bsp_InitTimer                            0x08004de9   Thumb Code   146  bsp_timer.o(i.bsp_InitTimer)
    bsp_InitUart                             0x08004e91   Thumb Code    16  bsp_uart_fifo.o(i.bsp_InitUart)
    bsp_KeyScan10ms                          0x08004ea1   Thumb Code    22  bsp_key.o(i.bsp_KeyScan10ms)
    bsp_LedOff                               0x08004eb7   Thumb Code    60  bsp_led.o(i.bsp_LedOff)
    bsp_LedOn                                0x08004ef3   Thumb Code    62  bsp_led.o(i.bsp_LedOn)
    bsp_LedToggle                            0x08004f31   Thumb Code    70  bsp_led.o(i.bsp_LedToggle)
    bsp_PutKey                               0x08004f79   Thumb Code    28  bsp_key.o(i.bsp_PutKey)
    bsp_RunPer10ms                           0x08004f99   Thumb Code     8  bsp.o(i.bsp_RunPer10ms)
    bsp_RunPer1ms                            0x08004fa1   Thumb Code     2  bsp.o(i.bsp_RunPer1ms)
    bsp_SetKeyParam                          0x08004fa5   Thumb Code    30  bsp_key.o(i.bsp_SetKeyParam)
    bsp_SetUartParam                         0x08004fc9   Thumb Code    66  bsp_uart_fifo.o(i.bsp_SetUartParam)
    bsp_StartAutoTimer                       0x0800504d   Thumb Code    84  bsp_timer.o(i.bsp_StartAutoTimer)
    fputc                                    0x080050e9   Thumb Code    20  bsp_uart_fifo.o(i.fputc)
    main                                     0x08005101   Thumb Code   102  main.o(i.main)
    D1CorePrescTable                         0x08005298   Data          16  system_stm32h7xx.o(.constdata)
    Region$$Table$$Base                      0x080052a8   Number         0  anon$$obj.o(Region$$Table)
    Region$$Table$$Limit                     0x080052c8   Number         0  anon$$obj.o(Region$$Table)
    g_iRunTime                               0x20000018   Data           4  bsp_timer.o(.data)
    g_HC574                                  0x20000020   Data           4  bsp_fmc_io.o(.data)
    SystemCoreClock                          0x20000030   Data           4  system_stm32h7xx.o(.data)
    SystemD2Clock                            0x20000034   Data           4  system_stm32h7xx.o(.data)
    __stdout                                 0x2000003c   Data           4  stdout.o(.data)
    __initial_sp                             0x200021b8   Data           0  startup_stm32h743xx.o(STACK)



==============================================================================

Memory Map of the image

  Image Entry point : 0x08000299

  Load Region LR_IROM1 (Base: 0x08000000, Size: 0x00005308, Max: 0x00200000, ABSOLUTE)

    Execution Region ER_IROM1 (Exec base: 0x08000000, Load base: 0x08000000, Size: 0x000052c8, Max: 0x00200000, ABSOLUTE)

    Exec Addr    Load Addr    Size         Type   Attr      Idx    E Section Name        Object

    0x08000000   0x08000000   0x00000298   Data   RO         1023    RESET               startup_stm32h743xx.o
    0x08000298   0x08000298   0x00000000   Code   RO         3831  * .ARM.Collect$$$$00000000  mc_w.l(entry.o)
    0x08000298   0x08000298   0x00000004   Code   RO         4101    .ARM.Collect$$$$00000001  mc_w.l(entry2.o)
    0x0800029c   0x0800029c   0x00000004   Code   RO         4104    .ARM.Collect$$$$00000004  mc_w.l(entry5.o)
    0x080002a0   0x080002a0   0x00000000   Code   RO         4106    .ARM.Collect$$$$00000008  mc_w.l(entry7b.o)
    0x080002a0   0x080002a0   0x00000000   Code   RO         4108    .ARM.Collect$$$$0000000A  mc_w.l(entry8b.o)
    0x080002a0   0x080002a0   0x00000008   Code   RO         4109    .ARM.Collect$$$$0000000B  mc_w.l(entry9a.o)
    0x080002a8   0x080002a8   0x00000004   Code   RO         4116    .ARM.Collect$$$$0000000E  mc_w.l(entry12b.o)
    0x080002ac   0x080002ac   0x00000000   Code   RO         4111    .ARM.Collect$$$$0000000F  mc_w.l(entry10a.o)
    0x080002ac   0x080002ac   0x00000000   Code   RO         4113    .ARM.Collect$$$$00000011  mc_w.l(entry11a.o)
    0x080002ac   0x080002ac   0x00000004   Code   RO         4102    .ARM.Collect$$$$00002712  mc_w.l(entry2.o)
    0x080002b0   0x080002b0   0x00000024   Code   RO         1024    .text               startup_stm32h743xx.o
    0x080002d4   0x080002d4   0x00000062   Code   RO         3834    .text               mc_w.l(uldiv.o)
    0x08000336   0x08000336   0x00000024   Code   RO         3836    .text               mc_w.l(memseta.o)
    0x0800035a   0x0800035a   0x0000001e   Code   RO         4120    .text               mc_w.l(llshl.o)
    0x08000378   0x08000378   0x00000020   Code   RO         4122    .text               mc_w.l(llushr.o)
    0x08000398   0x08000398   0x00000024   Code   RO         4135    .text               mc_w.l(init.o)
    0x080003bc   0x080003bc   0x00000012   Code   RO         3800    OSKERNEL            hardfaulthandler.o
    0x080003ce   0x080003ce   0x00000004   Code   RO          959    i.BusFault_Handler  stm32h7xx_it.o
    0x080003d2   0x080003d2   0x0000000c   Code   RO          353    i.CPU_CACHE_Enable  bsp.o
    0x080003de   0x080003de   0x00000002   Code   RO          960    i.DebugMon_Handler  stm32h7xx_it.o
    0x080003e0   0x080003e0   0x00000008   Code   RO          354    i.Error_Handler     bsp.o
    0x080003e8   0x080003e8   0x00000048   Code   RO         1836    i.FMC_NORSRAM_Extended_Timing_Init  stm32h7xx_ll_fmc.o
    0x08000430   0x08000430   0x00000080   Code   RO         1837    i.FMC_NORSRAM_Init  stm32h7xx_ll_fmc.o
    0x080004b0   0x080004b0   0x0000005e   Code   RO         1838    i.FMC_NORSRAM_Timing_Init  stm32h7xx_ll_fmc.o
    0x0800050e   0x0800050e   0x00000002   PAD
    0x08000510   0x08000510   0x00000014   Code   RO         1047    i.HAL_EnableCompensationCell  stm32h7xx_hal.o
    0x08000524   0x08000524   0x0000024c   Code   RO         1595    i.HAL_GPIO_Init     stm32h7xx_hal_gpio.o
    0x08000770   0x08000770   0x0000000c   Code   RO         1054    i.HAL_GetTick       stm32h7xx_hal.o
    0x0800077c   0x0800077c   0x00000018   Code   RO         1057    i.HAL_IncTick       stm32h7xx_hal.o
    0x08000794   0x08000794   0x0000001c   Code   RO         1058    i.HAL_Init          stm32h7xx_hal.o
    0x080007b0   0x080007b0   0x0000004c   Code   RO         1059    i.HAL_InitTick      stm32h7xx_hal.o
    0x080007fc   0x080007fc   0x0000005c   Code   RO         1347    i.HAL_MPU_ConfigRegion  stm32h7xx_hal_cortex.o
    0x08000858   0x08000858   0x0000002c   Code   RO         1348    i.HAL_MPU_Disable   stm32h7xx_hal_cortex.o
    0x08000884   0x08000884   0x00000040   Code   RO         1349    i.HAL_MPU_Enable    stm32h7xx_hal_cortex.o
    0x080008c4   0x080008c4   0x00000002   Code   RO         1061    i.HAL_MspInit       stm32h7xx_hal.o
    0x080008c6   0x080008c6   0x00000020   Code   RO         1352    i.HAL_NVIC_EnableIRQ  stm32h7xx_hal_cortex.o
    0x080008e6   0x080008e6   0x0000007a   Code   RO         1358    i.HAL_NVIC_SetPriority  stm32h7xx_hal_cortex.o
    0x08000960   0x08000960   0x00000028   Code   RO         1359    i.HAL_NVIC_SetPriorityGrouping  stm32h7xx_hal_cortex.o
    0x08000988   0x08000988   0x00000038   Code   RO         1672    i.HAL_RCCEx_GetD1SysClockFreq  stm32h7xx_hal_rcc_ex.o
    0x080009c0   0x080009c0   0x0000002c   Code   RO         1673    i.HAL_RCCEx_GetD3PCLK1Freq  stm32h7xx_hal_rcc_ex.o
    0x080009ec   0x080009ec   0x0000022c   Code   RO         1675    i.HAL_RCCEx_GetPLL2ClockFreq  stm32h7xx_hal_rcc_ex.o
    0x08000c18   0x08000c18   0x0000022c   Code   RO         1676    i.HAL_RCCEx_GetPLL3ClockFreq  stm32h7xx_hal_rcc_ex.o
    0x08000e44   0x08000e44   0x00000b38   Code   RO         1680    i.HAL_RCCEx_PeriphCLKConfig  stm32h7xx_hal_rcc_ex.o
    0x0800197c   0x0800197c   0x00000250   Code   RO         1495    i.HAL_RCC_ClockConfig  stm32h7xx_hal_rcc.o
    0x08001bcc   0x08001bcc   0x00000038   Code   RO         1499    i.HAL_RCC_GetHCLKFreq  stm32h7xx_hal_rcc.o
    0x08001c04   0x08001c04   0x0000002c   Code   RO         1501    i.HAL_RCC_GetPCLK1Freq  stm32h7xx_hal_rcc.o
    0x08001c30   0x08001c30   0x0000002c   Code   RO         1502    i.HAL_RCC_GetPCLK2Freq  stm32h7xx_hal_rcc.o
    0x08001c5c   0x08001c5c   0x00000244   Code   RO         1503    i.HAL_RCC_GetSysClockFreq  stm32h7xx_hal_rcc.o
    0x08001ea0   0x08001ea0   0x000006c4   Code   RO         1506    i.HAL_RCC_OscConfig  stm32h7xx_hal_rcc.o
    0x08002564   0x08002564   0x00000068   Code   RO         2398    i.HAL_SRAM_Init     stm32h7xx_hal_sram.o
    0x080025cc   0x080025cc   0x00000002   Code   RO         2400    i.HAL_SRAM_MspInit  stm32h7xx_hal_sram.o
    0x080025ce   0x080025ce   0x00000034   Code   RO         1363    i.HAL_SYSTICK_Config  stm32h7xx_hal_cortex.o
    0x08002602   0x08002602   0x00000034   Code   RO         2852    i.HAL_TIM_Base_Init  stm32h7xx_hal_tim.o
    0x08002636   0x08002636   0x00000002   Code   RO         2854    i.HAL_TIM_Base_MspInit  stm32h7xx_hal_tim.o
    0x08002638   0x08002638   0x0000001e   Code   RO         2855    i.HAL_TIM_Base_Start  stm32h7xx_hal_tim.o
    0x08002656   0x08002656   0x00000078   Code   RO         2006    i.HAL_UART_Init     stm32h7xx_hal_uart.o
    0x080026ce   0x080026ce   0x00000002   Code   RO         2008    i.HAL_UART_MspInit  stm32h7xx_hal_uart.o
    0x080026d0   0x080026d0   0x000000a0   Code   RO          711    i.HC574_ConfigFMC   bsp_fmc_io.o
    0x08002770   0x08002770   0x00000118   Code   RO          712    i.HC574_ConfigGPIO  bsp_fmc_io.o
    0x08002888   0x08002888   0x00000018   Code   RO          713    i.HC574_GetPin      bsp_fmc_io.o
    0x080028a0   0x080028a0   0x0000002c   Code   RO          714    i.HC574_SetPin      bsp_fmc_io.o
    0x080028cc   0x080028cc   0x00000108   Code   RO         3806    i.HardFaultHandler  segger_hardfaulthandler.o
    0x080029d4   0x080029d4   0x000001c0   Code   RO          778    i.InitHardUart      bsp_uart_fifo.o
    0x08002b94   0x08002b94   0x00000076   Code   RO          482    i.IsKeyDownFunc     bsp_key.o
    0x08002c0a   0x08002c0a   0x00000002   PAD
    0x08002c0c   0x08002c0c   0x00000034   Code   RO          483    i.KeyPinActive      bsp_key.o
    0x08002c40   0x08002c40   0x00000092   Code   RO          355    i.MPU_Config        bsp.o
    0x08002cd2   0x08002cd2   0x00000004   Code   RO          961    i.MemManage_Handler  stm32h7xx_it.o
    0x08002cd6   0x08002cd6   0x00000002   Code   RO          962    i.NMI_Handler       stm32h7xx_it.o
    0x08002cd8   0x08002cd8   0x00000002   Code   RO          963    i.PendSV_Handler    stm32h7xx_it.o
    0x08002cda   0x08002cda   0x00000002   PAD
    0x08002cdc   0x08002cdc   0x000000a0   Code   RO            4    i.PrintfHelp        main.o
    0x08002d7c   0x08002d7c   0x00000264   Code   RO            5    i.PrintfLogo        main.o
    0x08002fe0   0x08002fe0   0x00000130   Code   RO         1683    i.RCCEx_PLL2_Config  stm32h7xx_hal_rcc_ex.o
    0x08003110   0x08003110   0x00000130   Code   RO         1684    i.RCCEx_PLL3_Config  stm32h7xx_hal_rcc_ex.o
    0x08003240   0x08003240   0x00000044   Code   RO          779    i.RS485_InitTXE     bsp_uart_fifo.o
    0x08003284   0x08003284   0x00000002   Code   RO          780    i.RS485_ReciveNew   bsp_uart_fifo.o
    0x08003286   0x08003286   0x00000002   PAD
    0x08003288   0x08003288   0x0000000c   Code   RO          781    i.RS485_SendBefor   bsp_uart_fifo.o
    0x08003294   0x08003294   0x0000000c   Code   RO          783    i.RS485_SendOver    bsp_uart_fifo.o
    0x080032a0   0x080032a0   0x0000009c   Code   RO          356    i.SCB_EnableDCache  bsp.o
    0x0800333c   0x0800333c   0x0000007c   Code   RO          357    i.SCB_EnableICache  bsp.o
    0x080033b8   0x080033b8   0x00000002   Code   RO          964    i.SVC_Handler       stm32h7xx_it.o
    0x080033ba   0x080033ba   0x00000002   PAD
    0x080033bc   0x080033bc   0x0000001c   Code   RO          587    i.SysTick_Handler   bsp_timer.o
    0x080033d8   0x080033d8   0x00000084   Code   RO          588    i.SysTick_ISR       bsp_timer.o
    0x0800345c   0x0800345c   0x00000110   Code   RO          358    i.SystemClock_Config  bsp.o
    0x0800356c   0x0800356c   0x00000094   Code   RO         3767    i.SystemInit        system_stm32h7xx.o
    0x08003600   0x08003600   0x000000b4   Code   RO          589    i.TIM2_IRQHandler   bsp_timer.o
    0x080036b4   0x080036b4   0x000000cc   Code   RO         2936    i.TIM_Base_SetConfig  stm32h7xx_hal_tim.o
    0x08003780   0x08003780   0x000000ea   Code   RO         2019    i.UART_AdvFeatureConfig  stm32h7xx_hal_uart.o
    0x0800386a   0x0800386a   0x00000074   Code   RO         2020    i.UART_CheckIdleState  stm32h7xx_hal_uart.o
    0x080038de   0x080038de   0x00000002   PAD
    0x080038e0   0x080038e0   0x000009a4   Code   RO         2035    i.UART_SetConfig    stm32h7xx_hal_uart.o
    0x08004284   0x08004284   0x0000006c   Code   RO         2037    i.UART_WaitOnFlagUntilTimeout  stm32h7xx_hal_uart.o
    0x080042f0   0x080042f0   0x00000010   Code   RO          786    i.USART1_IRQHandler  bsp_uart_fifo.o
    0x08004300   0x08004300   0x00000010   Code   RO          787    i.USART3_IRQHandler  bsp_uart_fifo.o
    0x08004310   0x08004310   0x0000017a   Code   RO          789    i.UartIRQ           bsp_uart_fifo.o
    0x0800448a   0x0800448a   0x00000002   PAD
    0x0800448c   0x0800448c   0x00000094   Code   RO          792    i.UartVarInit       bsp_uart_fifo.o
    0x08004520   0x08004520   0x00000004   Code   RO          965    i.UsageFault_Handler  stm32h7xx_it.o
    0x08004524   0x08004524   0x00000020   Code   RO         4047    i.__0printf$8       mc_w.l(printf8.o)
    0x08004544   0x08004544   0x00000010   Code   RO         1365    i.__NVIC_GetPriorityGrouping  stm32h7xx_hal_cortex.o
    0x08004554   0x08004554   0x00000028   Code   RO         1366    i.__NVIC_SetPriority  stm32h7xx_hal_cortex.o
    0x0800457c   0x0800457c   0x0000000e   Code   RO         4143    i.__scatterload_copy  mc_w.l(handlers.o)
    0x0800458a   0x0800458a   0x00000002   Code   RO         4144    i.__scatterload_null  mc_w.l(handlers.o)
    0x0800458c   0x0800458c   0x0000000e   Code   RO         4145    i.__scatterload_zeroinit  mc_w.l(handlers.o)
    0x0800459a   0x0800459a   0x00000006   Code   RO          590    i.__set_PRIMASK     bsp_timer.o
    0x080045a0   0x080045a0   0x00000404   Code   RO         4054    i._printf_core      mc_w.l(printf8.o)
    0x080049a4   0x080049a4   0x00000024   Code   RO         4055    i._printf_post_padding  mc_w.l(printf8.o)
    0x080049c8   0x080049c8   0x0000002e   Code   RO         4056    i._printf_pre_padding  mc_w.l(printf8.o)
    0x080049f6   0x080049f6   0x00000002   PAD
    0x080049f8   0x080049f8   0x00000034   Code   RO          592    i.bsp_CheckTimer    bsp_timer.o
    0x08004a2c   0x08004a2c   0x00000044   Code   RO          593    i.bsp_DelayMS       bsp_timer.o
    0x08004a70   0x08004a70   0x000000cc   Code   RO          486    i.bsp_DetectKey     bsp_key.o
    0x08004b3c   0x08004b3c   0x00000002   Code   RO          359    i.bsp_Idle          bsp.o
    0x08004b3e   0x08004b3e   0x00000028   Code   RO          360    i.bsp_Init          bsp.o
    0x08004b66   0x08004b66   0x00000002   PAD
    0x08004b68   0x08004b68   0x00000024   Code   RO          716    i.bsp_InitExtIO     bsp_fmc_io.o
    0x08004b8c   0x08004b8c   0x000000fc   Code   RO          596    i.bsp_InitHardTimer  bsp_timer.o
    0x08004c88   0x08004c88   0x0000000c   Code   RO          490    i.bsp_InitKey       bsp_key.o
    0x08004c94   0x08004c94   0x000000c0   Code   RO          491    i.bsp_InitKeyHard   bsp_key.o
    0x08004d54   0x08004d54   0x00000078   Code   RO          492    i.bsp_InitKeyVar    bsp_key.o
    0x08004dcc   0x08004dcc   0x0000001c   Code   RO          432    i.bsp_InitLed       bsp_led.o
    0x08004de8   0x08004de8   0x000000a8   Code   RO          597    i.bsp_InitTimer     bsp_timer.o
    0x08004e90   0x08004e90   0x00000010   Code   RO          794    i.bsp_InitUart      bsp_uart_fifo.o
    0x08004ea0   0x08004ea0   0x00000016   Code   RO          493    i.bsp_KeyScan10ms   bsp_key.o
    0x08004eb6   0x08004eb6   0x0000003c   Code   RO          434    i.bsp_LedOff        bsp_led.o
    0x08004ef2   0x08004ef2   0x0000003e   Code   RO          435    i.bsp_LedOn         bsp_led.o
    0x08004f30   0x08004f30   0x00000046   Code   RO          436    i.bsp_LedToggle     bsp_led.o
    0x08004f76   0x08004f76   0x00000002   PAD
    0x08004f78   0x08004f78   0x00000020   Code   RO          495    i.bsp_PutKey        bsp_key.o
    0x08004f98   0x08004f98   0x00000008   Code   RO          361    i.bsp_RunPer10ms    bsp.o
    0x08004fa0   0x08004fa0   0x00000002   Code   RO          362    i.bsp_RunPer1ms     bsp.o
    0x08004fa2   0x08004fa2   0x00000002   PAD
    0x08004fa4   0x08004fa4   0x00000024   Code   RO          496    i.bsp_SetKeyParam   bsp_key.o
    0x08004fc8   0x08004fc8   0x00000068   Code   RO          795    i.bsp_SetUartParam  bsp_uart_fifo.o
    0x08005030   0x08005030   0x0000001c   Code   RO          598    i.bsp_SoftTimerDec  bsp_timer.o
    0x0800504c   0x0800504c   0x0000009c   Code   RO          599    i.bsp_StartAutoTimer  bsp_timer.o
    0x080050e8   0x080050e8   0x00000018   Code   RO          803    i.fputc             bsp_uart_fifo.o
    0x08005100   0x08005100   0x00000066   Code   RO            6    i.main              main.o
    0x08005166   0x08005166   0x00000002   PAD
    0x08005168   0x08005168   0x00000070   Data   RO          498    .constdata          bsp_key.o
    0x080051d8   0x080051d8   0x00000060   Data   RO          604    .constdata          bsp_timer.o
    0x08005238   0x08005238   0x00000030   Data   RO         2038    .constdata          stm32h7xx_hal_uart.o
    0x08005268   0x08005268   0x00000040   Data   RO         3768    .constdata          system_stm32h7xx.o
    0x080052a8   0x080052a8   0x00000020   Data   RO         4141    Region$$Table       anon$$obj.o


    Execution Region RW_IRAM1 (Exec base: 0x20000000, Load base: 0x080052c8, Size: 0x000021b8, Max: 0x00020000, ABSOLUTE)

    Exec Addr    Load Addr    Size         Type   Attr      Idx    E Section Name        Object

    0x20000000   0x080052c8   0x0000001e   Data   RW          605    .data               bsp_timer.o
    0x2000001e   0x080052e6   0x00000002   PAD
    0x20000020   0x080052e8   0x00000004   Data   RW          719    .data               bsp_fmc_io.o
    0x20000024   0x080052ec   0x00000009   Data   RW         1081    .data               stm32h7xx_hal.o
    0x2000002d   0x080052f5   0x00000003   PAD
    0x20000030   0x080052f8   0x00000008   Data   RW         3769    .data               system_stm32h7xx.o
    0x20000038   0x08005300   0x00000004   Data   RW         3809    .data               segger_hardfaulthandler.o
    0x2000003c   0x08005304   0x00000004   Data   RW         4117    .data               mc_w.l(stdout.o)
    0x20000040        -       0x000000ad   Zero   RW          497    .bss                bsp_key.o
    0x200000ed   0x08005308   0x00000003   PAD
    0x200000f0        -       0x00000030   Zero   RW          603    .bss                bsp_timer.o
    0x20000120        -       0x00001058   Zero   RW          804    .bss                bsp_uart_fifo.o
    0x20001178        -       0x00000040   Zero   RW         3807    .bss                segger_hardfaulthandler.o
    0x200011b8        -       0x00001000   Zero   RW         1021    STACK               startup_stm32h743xx.o


==============================================================================

Image component sizes


      Code (inc. data)   RO Data    RW Data    ZI Data      Debug   Object Name

       770         48          0          0          0      40850   bsp.o
       544         90          0          4          0       3780   bsp_fmc_io.o
       788         34        112          0        173       6571   bsp_key.o
       220          0          0          0          0       2363   bsp_led.o
      1070        222         96         30         48      48903   bsp_timer.o
      1244        138          0          0       4184      10939   bsp_uart_fifo.o
        18          0          0          0          0        328   hardfaulthandler.o
       874        604          0          0          0    1242707   main.o
       264         62          0          4         64       3587   segger_hardfaulthandler.o
        36          8        664          0       4096        944   startup_stm32h743xx.o
       162         32          0          9          0       4637   stm32h7xx_hal.o
       502         38          0          0          0      41873   stm32h7xx_hal_cortex.o
       588         54          0          0          0       1868   stm32h7xx_hal_gpio.o
      3048         86          0          0          0       6136   stm32h7xx_hal_rcc.o
      4692        118          0          0          0       7563   stm32h7xx_hal_rcc_ex.o
       106          4          0          0          0       1855   stm32h7xx_hal_sram.o
       288         32          0          0          0       3225   stm32h7xx_hal_tim.o
      3048        130         48          0          0       6496   stm32h7xx_hal_uart.o
        20          0          0          0          0       3412   stm32h7xx_it.o
       294         10          0          0          0       2896   stm32h7xx_ll_fmc.o
       148         18         64          8          0       1570   system_stm32h7xx.o

    ----------------------------------------------------------------------
     18746       1728       1016         60       8568    1442503   Object Totals
         0          0         32          0          0          0   (incl. Generated)
        22          0          0          5          3          0   (incl. Padding)

    ----------------------------------------------------------------------

      Code (inc. data)   RO Data    RW Data    ZI Data      Debug   Library Member Name

         0          0          0          0          0          0   entry.o
         0          0          0          0          0          0   entry10a.o
         0          0          0          0          0          0   entry11a.o
         4          0          0          0          0          0   entry12b.o
         8          4          0          0          0          0   entry2.o
         4          0          0          0          0          0   entry5.o
         0          0          0          0          0          0   entry7b.o
         0          0          0          0          0          0   entry8b.o
         8          4          0          0          0          0   entry9a.o
        30          0          0          0          0          0   handlers.o
        36          8          0          0          0         68   init.o
        30          0          0          0          0         68   llshl.o
        32          0          0          0          0         68   llushr.o
        36          0          0          0          0        108   memseta.o
      1142         54          0          0          0        352   printf8.o
         0          0          0          4          0          0   stdout.o
        98          0          0          0          0         92   uldiv.o

    ----------------------------------------------------------------------
      1430         70          0          4          0        756   Library Totals
         2          0          0          0          0          0   (incl. Padding)

    ----------------------------------------------------------------------

      Code (inc. data)   RO Data    RW Data    ZI Data      Debug   Library Name

      1428         70          0          4          0        756   mc_w.l

    ----------------------------------------------------------------------
      1430         70          0          4          0        756   Library Totals

    ----------------------------------------------------------------------

==============================================================================


      Code (inc. data)   RO Data    RW Data    ZI Data      Debug   

     20176       1798       1016         64       8568    1433251   Grand Totals
     20176       1798       1016         64       8568    1433251   ELF Image Totals
     20176       1798       1016         64          0          0   ROM Totals

==============================================================================

    Total RO  Size (Code + RO Data)                21192 (  20.70kB)
    Total RW  Size (RW Data + ZI Data)              8632 (   8.43kB)
    Total ROM Size (Code + RO Data + RW Data)      21256 (  20.76kB)

==============================================================================

